Archive member included to satisfy reference by file (symbol)

c:/intelfpga_lite/16.1/nios2eds/bin/gnu/h-x86_64-mingw32/bin/../lib/gcc/nios2-elf/5.3.0\libgcc.a(lib2-divmod.o)
                              obj/default/src/alarm_util.o (__udivsi3)
../Embed_System_bsp/\libhal_bsp.a(alt_alarm_start.o)
                              obj/default/src/alarm_util.o (alt_alarm_start)
../Embed_System_bsp/\libhal_bsp.a(alt_getchar.o)
                              obj/default/main.o (alt_getchar)
../Embed_System_bsp/\libhal_bsp.a(alt_load.o)
                              ../Embed_System_bsp//obj/HAL/src/crt0.o (alt_load)
../Embed_System_bsp/\libhal_bsp.a(alt_main.o)
                              ../Embed_System_bsp//obj/HAL/src/crt0.o (alt_main)
../Embed_System_bsp/\libhal_bsp.a(alt_printf.o)
                              obj/default/main.o (alt_printf)
../Embed_System_bsp/\libhal_bsp.a(alt_putchar.o)
                              ../Embed_System_bsp/\libhal_bsp.a(alt_printf.o) (alt_putchar)
../Embed_System_bsp/\libhal_bsp.a(alt_tick.o)
                              obj/default/src/alarm_util.o (_alt_tick_rate)
../Embed_System_bsp/\libhal_bsp.a(alt_sys_init.o)
                              ../Embed_System_bsp/\libhal_bsp.a(alt_main.o) (alt_irq_init)
../Embed_System_bsp/\libhal_bsp.a(altera_avalon_jtag_uart_fd.o)
                              ../Embed_System_bsp/\libhal_bsp.a(alt_sys_init.o) (altera_avalon_jtag_uart_read_fd)
../Embed_System_bsp/\libhal_bsp.a(altera_avalon_jtag_uart_init.o)
                              ../Embed_System_bsp/\libhal_bsp.a(alt_sys_init.o) (altera_avalon_jtag_uart_init)
../Embed_System_bsp/\libhal_bsp.a(altera_avalon_jtag_uart_ioctl.o)
                              ../Embed_System_bsp/\libhal_bsp.a(altera_avalon_jtag_uart_fd.o) (altera_avalon_jtag_uart_ioctl)
../Embed_System_bsp/\libhal_bsp.a(altera_avalon_jtag_uart_read.o)
                              ../Embed_System_bsp/\libhal_bsp.a(altera_avalon_jtag_uart_fd.o) (altera_avalon_jtag_uart_read)
../Embed_System_bsp/\libhal_bsp.a(altera_avalon_jtag_uart_write.o)
                              ../Embed_System_bsp/\libhal_bsp.a(altera_avalon_jtag_uart_fd.o) (altera_avalon_jtag_uart_write)
../Embed_System_bsp/\libhal_bsp.a(altera_avalon_timer_sc.o)
                              ../Embed_System_bsp/\libhal_bsp.a(alt_sys_init.o) (alt_avalon_timer_sc_init)
../Embed_System_bsp/\libhal_bsp.a(altera_modular_adc.o)
                              ../Embed_System_bsp/\libhal_bsp.a(alt_sys_init.o) (altera_modular_adc_init)
../Embed_System_bsp/\libhal_bsp.a(altera_onchip_flash.o)
                              ../Embed_System_bsp/\libhal_bsp.a(alt_sys_init.o) (alt_onchip_flash_read)
../Embed_System_bsp/\libhal_bsp.a(alt_busy_sleep.o)
                              ../Embed_System_bsp/\libhal_bsp.a(altera_onchip_flash.o) (alt_busy_sleep)
../Embed_System_bsp/\libhal_bsp.a(alt_close.o)
                              ../Embed_System_bsp/\libhal_bsp.a(alt_main.o) (close)
../Embed_System_bsp/\libhal_bsp.a(alt_dcache_flush.o)
                              ../Embed_System_bsp/\libhal_bsp.a(altera_onchip_flash.o) (alt_dcache_flush)
../Embed_System_bsp/\libhal_bsp.a(alt_dcache_flush_all.o)
                              ../Embed_System_bsp/\libhal_bsp.a(alt_load.o) (alt_dcache_flush_all)
../Embed_System_bsp/\libhal_bsp.a(alt_dev.o)
                              ../Embed_System_bsp/\libhal_bsp.a(alt_sys_init.o) (alt_dev_list)
../Embed_System_bsp/\libhal_bsp.a(alt_dev_llist_insert.o)
                              ../Embed_System_bsp/\libhal_bsp.a(alt_sys_init.o) (alt_dev_llist_insert)
../Embed_System_bsp/\libhal_bsp.a(alt_do_ctors.o)
                              ../Embed_System_bsp/\libhal_bsp.a(alt_main.o) (_do_ctors)
../Embed_System_bsp/\libhal_bsp.a(alt_do_dtors.o)
                              ../Embed_System_bsp/\libhal_bsp.a(alt_main.o) (_do_dtors)
../Embed_System_bsp/\libhal_bsp.a(alt_errno.o)
                              ../Embed_System_bsp/\libhal_bsp.a(alt_close.o) (alt_errno)
../Embed_System_bsp/\libhal_bsp.a(alt_find_dev.o)
                              ../Embed_System_bsp/\libhal_bsp.a(altera_modular_adc.o) (alt_find_dev)
../Embed_System_bsp/\libhal_bsp.a(alt_flash_dev.o)
                              ../Embed_System_bsp/\libhal_bsp.a(altera_onchip_flash.o) (alt_flash_dev_list)
../Embed_System_bsp/\libhal_bsp.a(alt_icache_flush_all.o)
                              ../Embed_System_bsp/\libhal_bsp.a(alt_load.o) (alt_icache_flush_all)
../Embed_System_bsp/\libhal_bsp.a(alt_iic.o)
                              ../Embed_System_bsp/\libhal_bsp.a(altera_avalon_jtag_uart_init.o) (alt_ic_isr_register)
../Embed_System_bsp/\libhal_bsp.a(alt_iic_isr_register.o)
                              ../Embed_System_bsp/\libhal_bsp.a(alt_iic.o) (alt_iic_isr_register)
../Embed_System_bsp/\libhal_bsp.a(alt_io_redirect.o)
                              ../Embed_System_bsp/\libhal_bsp.a(alt_main.o) (alt_io_redirect)
[...]
Memory Configuration

Name             Origin             Length             Attributes
reset            0x0000000001008000 0x0000000000000020
onchip_ram       0x0000000001008020 0x0000000000003fe0
onchip_flash_0_data 0x0000000001400000 0x0000000000160000
sdram            0x0000000008000000 0x0000000004000000
*default*        0x0000000000000000 0xffffffffffffffff

Linker script and memory map

LOAD ../Embed_System_bsp//obj/HAL/src/crt0.o
LOAD obj/default/main.o
LOAD obj/default/src/alarm_util.o
LOAD obj/default/src/delay_wait.o
LOAD obj/default/src/error_loop.o
LOAD obj/default/src/jtag_uart_util.o
LOAD obj/default/src/led_util.o
LOAD c:/intelfpga_lite/16.1/nios2eds/bin/gnu/h-x86_64-mingw32/bin/../lib/gcc/nios2-elf/5.3.0/../../../../../H-x86_64-mingw32/nios2-elf/lib\libstdc++.a
LOAD c:/intelfpga_lite/16.1/nios2eds/bin/gnu/h-x86_64-mingw32/bin/../lib/gcc/nios2-elf/5.3.0/../../../../../H-x86_64-mingw32/nios2-elf/lib\libm.a
LOAD c:/intelfpga_lite/16.1/nios2eds/bin/gnu/h-x86_64-mingw32/bin/../lib/gcc/nios2-elf/5.3.0\libgcc.a
START GROUP
LOAD c:/intelfpga_lite/16.1/nios2eds/bin/gnu/h-x86_64-mingw32/bin/../lib/gcc/nios2-elf/5.3.0/../../../../../H-x86_64-mingw32/nios2-elf/lib\libc.a
LOAD c:/intelfpga_lite/16.1/nios2eds/bin/gnu/h-x86_64-mingw32/bin/../lib/gcc/nios2-elf/5.3.0\libgcc.a
LOAD ../Embed_System_bsp/\libhal_bsp.a
LOAD c:/intelfpga_lite/16.1/nios2eds/bin/gnu/h-x86_64-mingw32/bin/../lib/gcc/nios2-elf/5.3.0/../../../../../H-x86_64-mingw32/nios2-elf/lib\libm.a
END GROUP
LOAD c:/intelfpga_lite/16.1/nios2eds/bin/gnu/h-x86_64-mingw32/bin/../lib/gcc/nios2-elf/5.3.0\libgcc.a
                0x0000000001008000                __alt_mem_onchip_ram = 0x1008000
                0x0000000001400000                __alt_mem_onchip_flash_0_data = 0x1400000
                0x0000000008000000                __alt_mem_sdram = 0x8000000

.entry          0x0000000001008000       0x20
 *(.entry)
 .entry         0x0000000001008000       0x20 ../Embed_System_bsp//obj/HAL/src/crt0.o
                0x0000000001008000                __reset

.exceptions     0x0000000001008020      0x224 load address 0x0000000008000000
                0x0000000001008020                PROVIDE (__ram_exceptions_start, ABSOLUTE (.))
                0x0000000001008020                . = ALIGN (0x20)
 *(.irq)
 *(.exceptions.entry.label)
 .exceptions.entry.label
                0x0000000001008020        0x0 ../Embed_System_bsp/\libhal_bsp.a(alt_irq_entry.o)
                0x0000000001008020                alt_irq_entry
 .exceptions.entry.label
                0x0000000001008020        0x0 ../Embed_System_bsp/\libhal_bsp.a(alt_exception_entry.o)
                0x0000000001008020                alt_exception
 *(.exceptions.entry.user)
 *(.exceptions.entry.ecc_fatal)
 *(.exceptions.entry)
 .exceptions.entry
                0x0000000001008020       0x54 ../Embed_System_bsp/\libhal_bsp.a(alt_exception_entry.o)
 *(.exceptions.irqtest.user)
 *(.exceptions.irqtest)
 .exceptions.irqtest
                0x0000000001008074       0x10 ../Embed_System_bsp/\libhal_bsp.a(alt_irq_entry.o)
 *(.exceptions.irqhandler.user)
 *(.exceptions.irqhandler)
 .exceptions.irqhandler
                0x0000000001008084        0x4 ../Embed_System_bsp/\libhal_bsp.a(alt_irq_entry.o)
 *(.exceptions.irqreturn.user)
 *(.exceptions.irqreturn)
 .exceptions.irqreturn
                0x0000000001008088        0x4 ../Embed_System_bsp/\libhal_bsp.a(alt_irq_entry.o)
 *(.exceptions.notirq.label)
 .exceptions.notirq.label
                0x000000000100808c        0x0 ../Embed_System_bsp/\libhal_bsp.a(alt_irq_entry.o)
 *(.exceptions.notirq.user)
 *(.exceptions.notirq)
 .exceptions.notirq
                0x000000000100808c        0x8 ../Embed_System_bsp/\libhal_bsp.a(alt_exception_entry.o)
 *(.exceptions.soft.user)
 *(.exceptions.soft)
 *(.exceptions.unknown.user)
 *(.exceptions.unknown)
 .exceptions.unknown
                0x0000000001008094       0x14 ../Embed_System_bsp/\libhal_bsp.a(alt_exception_entry.o)
 *(.exceptions.exit.label)
 .exceptions.exit.label
                0x00000000010080a8        0x0 ../Embed_System_bsp/\libhal_bsp.a(alt_irq_entry.o)
 .exceptions.exit.label
                0x00000000010080a8        0x0 ../Embed_System_bsp/\libhal_bsp.a(alt_exception_entry.o)
 *(.exceptions.exit.user)
 *(.exceptions.exit)
 .exceptions.exit
                0x00000000010080a8       0x54 ../Embed_System_bsp/\libhal_bsp.a(alt_exception_entry.o)
 *(.exceptions)
 .exceptions    0x00000000010080fc       0xd4 ../Embed_System_bsp/\libhal_bsp.a(alt_irq_handler.o)
                0x00000000010080fc                alt_irq_handler
 .exceptions    0x00000000010081d0       0x74 ../Embed_System_bsp/\libhal_bsp.a(alt_instruction_exception_entry.o)
                0x00000000010081d0                alt_instruction_exception_entry
                0x0000000001008244                PROVIDE (__ram_exceptions_end, ABSOLUTE (.))
                0x0000000008000000                PROVIDE (__flash_exceptions_start, LOADADDR (.exceptions))

.text           0x0000000008000224     0x6ea0
                [!provide]                        PROVIDE (stext, ABSOLUTE (.))
 *(.interp)
 *(.hash)
 *(.dynsym)
 *(.dynstr)
 *(.gnu.version)
 *(.gnu.version_d)
 *(.gnu.version_r)
 *(.rel.init)
 *(.rela.init)
 *(.rel.text .rel.text.* .rel.gnu.linkonce.t.*)
 *(.rela.text .rela.text.* .rela.gnu.linkonce.t.*)
 *(.rel.fini)
 *(.rela.fini)
 *(.rel.rodata .rel.rodata.* .rel.gnu.linkonce.r.*)
 *(.rela.rodata .rela.rodata.* .rela.gnu.linkonce.r.*)
 *(.rel.data .rel.data.* .rel.gnu.linkonce.d.*)
 *(.rela.data .rela.data.* .rela.gnu.linkonce.d.*)
 *(.rel.tdata .rel.tdata.* .rel.gnu.linkonce.td.*)
 *(.rela.tdata .rela.tdata.* .rela.gnu.linkonce.td.*)
 *(.rel.tbss .rel.tbss.* .rel.gnu.linkonce.tb.*)
 *(.rela.tbss .rela.tbss.* .rela.gnu.linkonce.tb.*)
 *(.rel.ctors)
 *(.rela.ctors)
 *(.rel.dtors)
 *(.rela.dtors)
 *(.rel.got)
 *(.rela.got)
 *(.rel.sdata .rel.sdata.* .rel.gnu.linkonce.s.*)
 *(.rela.sdata .rela.sdata.* .rela.gnu.linkonce.s.*)
 *(.rel.sbss .rel.sbss.* .rel.gnu.linkonce.sb.*)
 *(.rela.sbss .rela.sbss.* .rela.gnu.linkonce.sb.*)
 *(.rel.sdata2 .rel.sdata2.* .rel.gnu.linkonce.s2.*)
 *(.rela.sdata2 .rela.sdata2.* .rela.gnu.linkonce.s2.*)
 *(.rel.sbss2 .rel.sbss2.* .rel.gnu.linkonce.sb2.*)
 *(.rela.sbss2 .rela.sbss2.* .rela.gnu.linkonce.sb2.*)
 *(.rel.bss .rel.bss.* .rel.gnu.linkonce.b.*)
 *(.rela.bss .rela.bss.* .rela.gnu.linkonce.b.*)
 *(.rel.plt)
 *(.rela.plt)
 *(.rel.dyn)
 *(.init)
 *(.plt)
 *(.text .stub .text.* .gnu.linkonce.t.*)
 .text          0x0000000008000224       0x4c ../Embed_System_bsp//obj/HAL/src/crt0.o
                0x0000000008000224                _start
 .text          0x0000000008000270      0x194 obj/default/main.o
                0x0000000008000270                main
 .text          0x0000000008000404      0x1b4 obj/default/src/alarm_util.o
                0x0000000008000404                my_alarm_callback
                0x0000000008000448                alarm_init
 .text          0x00000000080005b8      0x1a8 obj/default/src/delay_wait.o
                0x00000000080005b8                delay_wait
                0x000000000800067c                set_delay_mode_250ms
                0x00000000080006ac                set_delay_mode_100ms
                0x00000000080006dc                set_delay_mode_10ms
                0x000000000800070c                set_delay_mode_1ms
                0x000000000800073c                set_delay_mode_none
 .text          0x0000000008000760       0x2c obj/default/src/error_loop.o
                0x0000000008000760                error_loop
 .text          0x000000000800078c       0x74 obj/default/src/jtag_uart_util.o
                0x000000000800078c                print_binary_count_stdio
 .text          0x0000000008000800       0x5c obj/default/src/led_util.o
                0x0000000008000800                update_led
 .text          0x000000000800085c      0x1b4 c:/intelfpga_lite/16.1/nios2eds/bin/gnu/h-x86_64-mingw32/bin/../lib/gcc/nios2-elf/5.3.0\libgcc.a(lib2-divmod.o)
                0x000000000800085c                __divsi3
                0x00000000080008e0                __modsi3
                0x0000000008000954                __udivsi3
                0x00000000080009b8                __umodsi3
 .text          0x0000000008000a10      0x12c ../Embed_System_bsp/\libhal_bsp.a(alt_alarm_start.o)
                0x0000000008000a10                alt_alarm_start
 .text          0x0000000008000b3c       0x34 ../Embed_System_bsp/\libhal_bsp.a(alt_getchar.o)
                0x0000000008000b3c                alt_getchar
 .text          0x0000000008000b70       0xec ../Embed_System_bsp/\libhal_bsp.a(alt_load.o)
                0x0000000008000bd8                alt_load
 .text          0x0000000008000c5c       0x7c ../Embed_System_bsp/\libhal_bsp.a(alt_main.o)
                0x0000000008000c5c                alt_main
 .text          0x0000000008000cd8      0x22c ../Embed_System_bsp/\libhal_bsp.a(alt_printf.o)
                0x0000000008000cd8                alt_printf
 .text          0x0000000008000f04       0x3c ../Embed_System_bsp/\libhal_bsp.a(alt_putchar.o)
                0x0000000008000f04                alt_putchar
 .text          0x0000000008000f40      0x1a4 ../Embed_System_bsp/\libhal_bsp.a(alt_tick.o)
                0x0000000008000f40                alt_alarm_stop
                0x0000000008000fdc                alt_tick
 .text          0x00000000080010e4       0xf0 ../Embed_System_bsp/\libhal_bsp.a(alt_sys_init.o)
                0x0000000008001118                alt_irq_init
                0x0000000008001150                alt_sys_init
 .text          0x00000000080011d4      0x164 ../Embed_System_bsp/\libhal_bsp.a(altera_avalon_jtag_uart_fd.o)
                0x00000000080011d4                altera_avalon_jtag_uart_read_fd
                0x0000000008001234                altera_avalon_jtag_uart_write_fd
                0x0000000008001294                altera_avalon_jtag_uart_close_fd
                0x00000000080012e4                altera_avalon_jtag_uart_ioctl_fd
 .text          0x0000000008001338      0x3d4 ../Embed_System_bsp/\libhal_bsp.a(altera_avalon_jtag_uart_init.o)
                0x0000000008001338                altera_avalon_jtag_uart_init
                0x00000000080016a4                altera_avalon_jtag_uart_close
 .text          0x000000000800170c       0xf0 ../Embed_System_bsp/\libhal_bsp.a(altera_avalon_jtag_uart_ioctl.o)
                0x000000000800170c                altera_avalon_jtag_uart_ioctl
 .text          0x00000000080017fc      0x21c ../Embed_System_bsp/\libhal_bsp.a(altera_avalon_jtag_uart_read.o)
                0x00000000080017fc                altera_avalon_jtag_uart_read
 .text          0x0000000008001a18      0x224 ../Embed_System_bsp/\libhal_bsp.a(altera_avalon_jtag_uart_write.o)
                0x0000000008001a18                altera_avalon_jtag_uart_write
 .text          0x0000000008001c3c       0xf4 ../Embed_System_bsp/\libhal_bsp.a(altera_avalon_timer_sc.o)
                0x0000000008001cb4                alt_avalon_timer_sc_init
 .text          0x0000000008001d30      0x56c ../Embed_System_bsp/\libhal_bsp.a(altera_modular_adc.o)
                0x0000000008001dd8                alt_adc_word_read
                0x0000000008001e84                altera_modular_adc_init
                0x0000000008001ef8                alt_adc_register_callback
                0x0000000008001f90                altera_modular_adc_open
                0x0000000008001fd0                adc_stop
                0x0000000008002020                adc_start
                0x0000000008002058                adc_set_mode_run_once
                0x0000000008002098                adc_set_mode_run_continuously
                0x00000000080020d4                adc_recalibrate
                0x0000000008002150                adc_interrupt_enable
                0x0000000008002194                adc_interrupt_disable
                0x00000000080021dc                adc_clear_interrupt_status
                0x0000000008002220                adc_interrupt_asserted
                0x0000000008002260                adc_wait_for_interrupt
 .text          0x000000000800229c      0xf40 ../Embed_System_bsp/\libhal_bsp.a(altera_onchip_flash.o)
                0x00000000080022d0                alt_onchip_flash_read
                0x000000000800239c                alt_onchip_flash_get_info
                0x0000000008002438                alt_onchip_flash_erase_block
                0x00000000080025a0                alt_onchip_flash_write_block
                0x0000000008002878                alt_onchip_flash_write
                0x0000000008002b50                altera_onchip_flash_init
                0x000000000800302c                alt_onchip_flash_poll_for_status_to_go_idle
                0x00000000080030bc                alt_onchip_flash_poll_for_status_erase_passed
                0x000000000800314c                alt_onchip_flash_poll_for_status_write_passed
 .text          0x00000000080031dc      0x158 ../Embed_System_bsp/\libhal_bsp.a(alt_busy_sleep.o)
                0x00000000080031dc                alt_busy_sleep
 .text          0x0000000008003334      0x10c ../Embed_System_bsp/\libhal_bsp.a(alt_close.o)
                0x0000000008003370                close
 .text          0x0000000008003440       0x78 ../Embed_System_bsp/\libhal_bsp.a(alt_dcache_flush.o)
                0x0000000008003440                alt_dcache_flush
 .text          0x00000000080034b8       0x48 ../Embed_System_bsp/\libhal_bsp.a(alt_dcache_flush_all.o)
                0x00000000080034b8                alt_dcache_flush_all
 .text          0x0000000008003500       0x2c ../Embed_System_bsp/\libhal_bsp.a(alt_dev.o)
 .text          0x000000000800352c       0xe0 ../Embed_System_bsp/\libhal_bsp.a(alt_dev_llist_insert.o)
                0x0000000008003568                alt_dev_llist_insert
 .text          0x000000000800360c       0x60 ../Embed_System_bsp/\libhal_bsp.a(alt_do_ctors.o)
                0x000000000800360c                _do_ctors
 .text          0x000000000800366c       0x60 ../Embed_System_bsp/\libhal_bsp.a(alt_do_dtors.o)
                0x000000000800366c                _do_dtors
 .text          0x00000000080036cc        0x0 ../Embed_System_bsp/\libhal_bsp.a(alt_errno.o)
 .text          0x00000000080036cc       0x90 ../Embed_System_bsp/\libhal_bsp.a(alt_find_dev.o)
                0x00000000080036cc                alt_find_dev
 .text          0x000000000800375c       0xbc ../Embed_System_bsp/\libhal_bsp.a(alt_flash_dev.o)
                0x000000000800375c                alt_flash_open_dev
                0x00000000080037c4                alt_flash_close_dev
 .text          0x0000000008003818       0x34 ../Embed_System_bsp/\libhal_bsp.a(alt_icache_flush_all.o)
                0x0000000008003818                alt_icache_flush_all
 .text          0x000000000800384c      0x1b0 ../Embed_System_bsp/\libhal_bsp.a(alt_iic.o)
                0x000000000800384c                alt_ic_isr_register
                0x000000000800389c                alt_ic_irq_enable
                0x0000000008003924                alt_ic_irq_disable
                0x00000000080039b0                alt_ic_irq_enabled
 .text          0x00000000080039fc       0xf0 ../Embed_System_bsp/\libhal_bsp.a(alt_iic_isr_register.o)
                0x00000000080039fc                alt_iic_isr_register
 .text          0x0000000008003aec      0x140 ../Embed_System_bsp/\libhal_bsp.a(alt_io_redirect.o)
                0x0000000008003bb0                alt_io_redirect
 .text          0x0000000008003c2c        0x0 ../Embed_System_bsp/\libhal_bsp.a(alt_irq_entry.o)
 .text          0x0000000008003c2c        0x0 ../Embed_System_bsp/\libhal_bsp.a(alt_irq_handler.o)
 .text          0x0000000008003c2c        0x0 ../Embed_System_bsp/\libhal_bsp.a(alt_irq_vars.o)
 .text          0x0000000008003c2c      0x254 ../Embed_System_bsp/\libhal_bsp.a(alt_open.o)
                0x0000000008003d2c                open
 .text          0x0000000008003e80       0x64 ../Embed_System_bsp/\libhal_bsp.a(alt_release_fd.o)
                0x0000000008003e80                alt_release_fd
 .text          0x0000000008003ee4       0x24 ../Embed_System_bsp/\libhal_bsp.a(altera_nios2_gen2_irq.o)
                0x0000000008003ee4                altera_nios2_gen2_irq_init
 .text          0x0000000008003f08        0x0 ../Embed_System_bsp/\libhal_bsp.a(alt_exception_entry.o)
 .text          0x0000000008003f08      0x108 ../Embed_System_bsp/\libhal_bsp.a(alt_find_file.o)
                0x0000000008003f08                alt_find_file
 .text          0x0000000008004010       0xa4 ../Embed_System_bsp/\libhal_bsp.a(alt_get_fd.o)
                0x0000000008004010                alt_get_fd
 .text          0x00000000080040b4       0x90 ../Embed_System_bsp/\libhal_bsp.a(alt_icache_flush.o)
                0x00000000080040b4                alt_icache_flush
 .text          0x0000000008004144       0x9c ../Embed_System_bsp/\libhal_bsp.a(alt_instruction_exception_entry.o)
                0x0000000008004144                alt_exception_cause_generated_bad_addr
 .text          0x00000000080041e0        0x0 c:/intelfpga_lite/16.1/nios2eds/bin/gnu/h-x86_64-mingw32/bin/../lib/gcc/nios2-elf/5.3.0/../../../../../H-x86_64-mingw32/nios2-elf/lib\libc.a(lib_a-atexit.o)
 .text.atexit   0x00000000080041e0       0x14 c:/intelfpga_lite/16.1/nios2eds/bin/gnu/h-x86_64-mingw32/bin/../lib/gcc/nios2-elf/5.3.0/../../../../../H-x86_64-mingw32/nios2-elf/lib\libc.a(lib_a-atexit.o)
                0x00000000080041e0                atexit
 .text          0x00000000080041f4        0x0 c:/intelfpga_lite/16.1/nios2eds/bin/gnu/h-x86_64-mingw32/bin/../lib/gcc/nios2-elf/5.3.0/../../../../../H-x86_64-mingw32/nios2-elf/lib\libc.a(lib_a-exit.o)
 .text.exit     0x00000000080041f4       0x38 c:/intelfpga_lite/16.1/nios2eds/bin/gnu/h-x86_64-mingw32/bin/../lib/gcc/nios2-elf/5.3.0/../../../../../H-x86_64-mingw32/nios2-elf/lib\libc.a(lib_a-exit.o)
                0x00000000080041f4                exit
 .text          0x000000000800422c        0x0 c:/intelfpga_lite/16.1/nios2eds/bin/gnu/h-x86_64-mingw32/bin/../lib/gcc/nios2-elf/5.3.0/../../../../../H-x86_64-mingw32/nios2-elf/lib\libc.a(lib_a-getc.o)
 .text._getc_r  0x000000000800422c       0x70 c:/intelfpga_lite/16.1/nios2eds/bin/gnu/h-x86_64-mingw32/bin/../lib/gcc/nios2-elf/5.3.0/../../../../../H-x86_64-mingw32/nios2-elf/lib\libc.a(lib_a-getc.o)
                0x000000000800422c                _getc_r
 .text.getc     0x000000000800429c       0x88 c:/intelfpga_lite/16.1/nios2eds/bin/gnu/h-x86_64-mingw32/bin/../lib/gcc/nios2-elf/5.3.0/../../../../../H-x86_64-mingw32/nios2-elf/lib\libc.a(lib_a-getc.o)
                0x000000000800429c                getc
 .text          0x0000000008004324        0x0 c:/intelfpga_lite/16.1/nios2eds/bin/gnu/h-x86_64-mingw32/bin/../lib/gcc/nios2-elf/5.3.0/../../../../../H-x86_64-mingw32/nios2-elf/lib\libc.a(lib_a-impure.o)
 .text          0x0000000008004324        0x0 c:/intelfpga_lite/16.1/nios2eds/bin/gnu/h-x86_64-mingw32/bin/../lib/gcc/nios2-elf/5.3.0/../../../../../H-x86_64-mingw32/nios2-elf/lib\libc.a(lib_a-int_errno.o)
 .text          0x0000000008004324        0x0 c:/intelfpga_lite/16.1/nios2eds/bin/gnu/h-x86_64-mingw32/bin/../lib/gcc/nios2-elf/5.3.0/../../../../../H-x86_64-mingw32/nios2-elf/lib\libc.a(lib_a-memcmp.o)
 .text.memcmp   0x0000000008004324       0x7c c:/intelfpga_lite/16.1/nios2eds/bin/gnu/h-x86_64-mingw32/bin/../lib/gcc/nios2-elf/5.3.0/../../../../../H-x86_64-mingw32/nios2-elf/lib\libc.a(lib_a-memcmp.o)
                0x0000000008004324                memcmp
 .text          0x00000000080043a0        0x0 c:/intelfpga_lite/16.1/nios2eds/bin/gnu/h-x86_64-mingw32/bin/../lib/gcc/nios2-elf/5.3.0/../../../../../H-x86_64-mingw32/nios2-elf/lib\libc.a(lib_a-memcpy.o)
 .text.memcpy   0x00000000080043a0      0x148 c:/intelfpga_lite/16.1/nios2eds/bin/gnu/h-x86_64-mingw32/bin/../lib/gcc/nios2-elf/5.3.0/../../../../../H-x86_64-mingw32/nios2-elf/lib\libc.a(lib_a-memcpy.o)
                0x00000000080043a0                memcpy
 .text          0x00000000080044e8        0x0 c:/intelfpga_lite/16.1/nios2eds/bin/gnu/h-x86_64-mingw32/bin/../lib/gcc/nios2-elf/5.3.0/../../../../../H-x86_64-mingw32/nios2-elf/lib\libc.a(lib_a-putc.o)
 .text._putc_r  0x00000000080044e8       0xa0 c:/intelfpga_lite/16.1/nios2eds/bin/gnu/h-x86_64-mingw32/bin/../lib/gcc/nios2-elf/5.3.0/../../../../../H-x86_64-mingw32/nios2-elf/lib\libc.a(lib_a-putc.o)
                0x00000000080044e8                _putc_r
 .text.putc     0x0000000008004588       0xc8 c:/intelfpga_lite/16.1/nios2eds/bin/gnu/h-x86_64-mingw32/bin/../lib/gcc/nios2-elf/5.3.0/../../../../../H-x86_64-mingw32/nios2-elf/lib\libc.a(lib_a-putc.o)
                0x0000000008004588                putc
 .text          0x0000000008004650        0x0 c:/intelfpga_lite/16.1/nios2eds/bin/gnu/h-x86_64-mingw32/bin/../lib/gcc/nios2-elf/5.3.0/../../../../../H-x86_64-mingw32/nios2-elf/lib\libc.a(lib_a-rget.o)
 .text.__srget_r
                0x0000000008004650       0x74 c:/intelfpga_lite/16.1/nios2eds/bin/gnu/h-x86_64-mingw32/bin/../lib/gcc/nios2-elf/5.3.0/../../../../../H-x86_64-mingw32/nios2-elf/lib\libc.a(lib_a-rget.o)
                0x0000000008004650                __srget_r
 .text.__srget  0x00000000080046c4       0x14 c:/intelfpga_lite/16.1/nios2eds/bin/gnu/h-x86_64-mingw32/bin/../lib/gcc/nios2-elf/5.3.0/../../../../../H-x86_64-mingw32/nios2-elf/lib\libc.a(lib_a-rget.o)
                0x00000000080046c4                __srget
 .text          0x00000000080046d8        0x0 c:/intelfpga_lite/16.1/nios2eds/bin/gnu/h-x86_64-mingw32/bin/../lib/gcc/nios2-elf/5.3.0/../../../../../H-x86_64-mingw32/nios2-elf/lib\libc.a(lib_a-strlen.o)
 .text.strlen   0x00000000080046d8       0x98 c:/intelfpga_lite/16.1/nios2eds/bin/gnu/h-x86_64-mingw32/bin/../lib/gcc/nios2-elf/5.3.0/../../../../../H-x86_64-mingw32/nios2-elf/lib\libc.a(lib_a-strlen.o)
                0x00000000080046d8                strlen
 .text          0x0000000008004770        0x0 c:/intelfpga_lite/16.1/nios2eds/bin/gnu/h-x86_64-mingw32/bin/../lib/gcc/nios2-elf/5.3.0/../../../../../H-x86_64-mingw32/nios2-elf/lib\libc.a(lib_a-wbuf.o)
 .text.__swbuf_r
                0x0000000008004770      0x140 c:/intelfpga_lite/16.1/nios2eds/bin/gnu/h-x86_64-mingw32/bin/../lib/gcc/nios2-elf/5.3.0/../../../../../H-x86_64-mingw32/nios2-elf/lib\libc.a(lib_a-wbuf.o)
                0x0000000008004770                __swbuf_r
 .text.__swbuf  0x00000000080048b0       0x18 c:/intelfpga_lite/16.1/nios2eds/bin/gnu/h-x86_64-mingw32/bin/../lib/gcc/nios2-elf/5.3.0/../../../../../H-x86_64-mingw32/nios2-elf/lib\libc.a(lib_a-wbuf.o)
                0x00000000080048b0                __swbuf
 .text          0x00000000080048c8        0x0 c:/intelfpga_lite/16.1/nios2eds/bin/gnu/h-x86_64-mingw32/bin/../lib/gcc/nios2-elf/5.3.0/../../../../../H-x86_64-mingw32/nios2-elf/lib\libc.a(lib_a-wsetup.o)
 .text.__swsetup_r
                0x00000000080048c8      0x154 c:/intelfpga_lite/16.1/nios2eds/bin/gnu/h-x86_64-mingw32/bin/../lib/gcc/nios2-elf/5.3.0/../../../../../H-x86_64-mingw32/nios2-elf/lib\libc.a(lib_a-wsetup.o)
                0x00000000080048c8                __swsetup_r
 .text          0x0000000008004a1c        0x0 c:/intelfpga_lite/16.1/nios2eds/bin/gnu/h-x86_64-mingw32/bin/../lib/gcc/nios2-elf/5.3.0/../../../../../H-x86_64-mingw32/nios2-elf/lib\libc.a(lib_a-__atexit.o)
 .text.__register_exitproc
                0x0000000008004a1c      0x118 c:/intelfpga_lite/16.1/nios2eds/bin/gnu/h-x86_64-mingw32/bin/../lib/gcc/nios2-elf/5.3.0/../../../../../H-x86_64-mingw32/nios2-elf/lib\libc.a(lib_a-__atexit.o)
                0x0000000008004a1c                __register_exitproc
 .text          0x0000000008004b34        0x0 c:/intelfpga_lite/16.1/nios2eds/bin/gnu/h-x86_64-mingw32/bin/../lib/gcc/nios2-elf/5.3.0/../../../../../H-x86_64-mingw32/nios2-elf/lib\libc.a(lib_a-__call_atexit.o)
 .text.__call_exitprocs
                0x0000000008004b34      0x180 c:/intelfpga_lite/16.1/nios2eds/bin/gnu/h-x86_64-mingw32/bin/../lib/gcc/nios2-elf/5.3.0/../../../../../H-x86_64-mingw32/nios2-elf/lib\libc.a(lib_a-__call_atexit.o)
                0x0000000008004b34                __call_exitprocs
 .text          0x0000000008004cb4        0x0 c:/intelfpga_lite/16.1/nios2eds/bin/gnu/h-x86_64-mingw32/bin/../lib/gcc/nios2-elf/5.3.0/../../../../../H-x86_64-mingw32/nios2-elf/lib\libc.a(lib_a-fflush.o)
 .text.__sflush_r
                0x0000000008004cb4      0x21c c:/intelfpga_lite/16.1/nios2eds/bin/gnu/h-x86_64-mingw32/bin/../lib/gcc/nios2-elf/5.3.0/../../../../../H-x86_64-mingw32/nios2-elf/lib\libc.a(lib_a-fflush.o)
                0x0000000008004cb4                __sflush_r
 .text._fflush_r
                0x0000000008004ed0       0x5c c:/intelfpga_lite/16.1/nios2eds/bin/gnu/h-x86_64-mingw32/bin/../lib/gcc/nios2-elf/5.3.0/../../../../../H-x86_64-mingw32/nios2-elf/lib\libc.a(lib_a-fflush.o)
                0x0000000008004ed0                _fflush_r
 .text.fflush   0x0000000008004f2c       0x30 c:/intelfpga_lite/16.1/nios2eds/bin/gnu/h-x86_64-mingw32/bin/../lib/gcc/nios2-elf/5.3.0/../../../../../H-x86_64-mingw32/nios2-elf/lib\libc.a(lib_a-fflush.o)
                0x0000000008004f2c                fflush
 .text          0x0000000008004f5c        0x0 c:/intelfpga_lite/16.1/nios2eds/bin/gnu/h-x86_64-mingw32/bin/../lib/gcc/nios2-elf/5.3.0/../../../../../H-x86_64-mingw32/nios2-elf/lib\libc.a(lib_a-findfp.o)
 .text.__fp_unlock
                0x0000000008004f5c        0x8 c:/intelfpga_lite/16.1/nios2eds/bin/gnu/h-x86_64-mingw32/bin/../lib/gcc/nios2-elf/5.3.0/../../../../../H-x86_64-mingw32/nios2-elf/lib\libc.a(lib_a-findfp.o)
 .text._cleanup_r
                0x0000000008004f64        0xc c:/intelfpga_lite/16.1/nios2eds/bin/gnu/h-x86_64-mingw32/bin/../lib/gcc/nios2-elf/5.3.0/../../../../../H-x86_64-mingw32/nios2-elf/lib\libc.a(lib_a-findfp.o)
                0x0000000008004f64                _cleanup_r
 .text.__sinit.part.1
                0x0000000008004f70      0x19c c:/intelfpga_lite/16.1/nios2eds/bin/gnu/h-x86_64-mingw32/bin/../lib/gcc/nios2-elf/5.3.0/../../../../../H-x86_64-mingw32/nios2-elf/lib\libc.a(lib_a-findfp.o)
 .text.__fp_lock
                0x000000000800510c        0x8 c:/intelfpga_lite/16.1/nios2eds/bin/gnu/h-x86_64-mingw32/bin/../lib/gcc/nios2-elf/5.3.0/../../../../../H-x86_64-mingw32/nios2-elf/lib\libc.a(lib_a-findfp.o)
 .text.__sfmoreglue
                0x0000000008005114       0x68 c:/intelfpga_lite/16.1/nios2eds/bin/gnu/h-x86_64-mingw32/bin/../lib/gcc/nios2-elf/5.3.0/../../../../../H-x86_64-mingw32/nios2-elf/lib\libc.a(lib_a-findfp.o)
                0x0000000008005114                __sfmoreglue
 .text.__sfp    0x000000000800517c      0x118 c:/intelfpga_lite/16.1/nios2eds/bin/gnu/h-x86_64-mingw32/bin/../lib/gcc/nios2-elf/5.3.0/../../../../../H-x86_64-mingw32/nios2-elf/lib\libc.a(lib_a-findfp.o)
                0x000000000800517c                __sfp
 .text._cleanup
                0x0000000008005294       0x18 c:/intelfpga_lite/16.1/nios2eds/bin/gnu/h-x86_64-mingw32/bin/../lib/gcc/nios2-elf/5.3.0/../../../../../H-x86_64-mingw32/nios2-elf/lib\libc.a(lib_a-findfp.o)
                0x0000000008005294                _cleanup
 .text.__sinit  0x00000000080052ac       0x10 c:/intelfpga_lite/16.1/nios2eds/bin/gnu/h-x86_64-mingw32/bin/../lib/gcc/nios2-elf/5.3.0/../../../../../H-x86_64-mingw32/nios2-elf/lib\libc.a(lib_a-findfp.o)
                0x00000000080052ac                __sinit
 .text.__sfp_lock_acquire
                0x00000000080052bc        0x4 c:/intelfpga_lite/16.1/nios2eds/bin/gnu/h-x86_64-mingw32/bin/../lib/gcc/nios2-elf/5.3.0/../../../../../H-x86_64-mingw32/nios2-elf/lib\libc.a(lib_a-findfp.o)
                0x00000000080052bc                __sfp_lock_acquire
 .text.__sfp_lock_release
                0x00000000080052c0        0x4 c:/intelfpga_lite/16.1/nios2eds/bin/gnu/h-x86_64-mingw32/bin/../lib/gcc/nios2-elf/5.3.0/../../../../../H-x86_64-mingw32/nios2-elf/lib\libc.a(lib_a-findfp.o)
                0x00000000080052c0                __sfp_lock_release
 .text.__sinit_lock_acquire
                0x00000000080052c4        0x4 c:/intelfpga_lite/16.1/nios2eds/bin/gnu/h-x86_64-mingw32/bin/../lib/gcc/nios2-elf/5.3.0/../../../../../H-x86_64-mingw32/nios2-elf/lib\libc.a(lib_a-findfp.o)
                0x00000000080052c4                __sinit_lock_acquire
 .text.__sinit_lock_release
                0x00000000080052c8        0x4 c:/intelfpga_lite/16.1/nios2eds/bin/gnu/h-x86_64-mingw32/bin/../lib/gcc/nios2-elf/5.3.0/../../../../../H-x86_64-mingw32/nios2-elf/lib\libc.a(lib_a-findfp.o)
                0x00000000080052c8                __sinit_lock_release
 .text.__fp_lock_all
                0x00000000080052cc       0x18 c:/intelfpga_lite/16.1/nios2eds/bin/gnu/h-x86_64-mingw32/bin/../lib/gcc/nios2-elf/5.3.0/../../../../../H-x86_64-mingw32/nios2-elf/lib\libc.a(lib_a-findfp.o)
                0x00000000080052cc                __fp_lock_all
 .text.__fp_unlock_all
                0x00000000080052e4       0x18 c:/intelfpga_lite/16.1/nios2eds/bin/gnu/h-x86_64-mingw32/bin/../lib/gcc/nios2-elf/5.3.0/../../../../../H-x86_64-mingw32/nios2-elf/lib\libc.a(lib_a-findfp.o)
                0x00000000080052e4                __fp_unlock_all
 .text          0x00000000080052fc        0x0 c:/intelfpga_lite/16.1/nios2eds/bin/gnu/h-x86_64-mingw32/bin/../lib/gcc/nios2-elf/5.3.0/../../../../../H-x86_64-mingw32/nios2-elf/lib\libc.a(lib_a-freer.o)
 .text._malloc_trim_r
                0x00000000080052fc      0x124 c:/intelfpga_lite/16.1/nios2eds/bin/gnu/h-x86_64-mingw32/bin/../lib/gcc/nios2-elf/5.3.0/../../../../../H-x86_64-mingw32/nios2-elf/lib\libc.a(lib_a-freer.o)
                0x00000000080052fc                _malloc_trim_r
 .text._free_r  0x0000000008005420      0x310 c:/intelfpga_lite/16.1/nios2eds/bin/gnu/h-x86_64-mingw32/bin/../lib/gcc/nios2-elf/5.3.0/../../../../../H-x86_64-mingw32/nios2-elf/lib\libc.a(lib_a-freer.o)
                0x0000000008005420                _free_r
 .text          0x0000000008005730        0x0 c:/intelfpga_lite/16.1/nios2eds/bin/gnu/h-x86_64-mingw32/bin/../lib/gcc/nios2-elf/5.3.0/../../../../../H-x86_64-mingw32/nios2-elf/lib\libc.a(lib_a-fwalk.o)
 .text._fwalk   0x0000000008005730       0xc4 c:/intelfpga_lite/16.1/nios2eds/bin/gnu/h-x86_64-mingw32/bin/../lib/gcc/nios2-elf/5.3.0/../../../../../H-x86_64-mingw32/nios2-elf/lib\libc.a(lib_a-fwalk.o)
                0x0000000008005730                _fwalk
 .text._fwalk_reent
                0x00000000080057f4       0xc4 c:/intelfpga_lite/16.1/nios2eds/bin/gnu/h-x86_64-mingw32/bin/../lib/gcc/nios2-elf/5.3.0/../../../../../H-x86_64-mingw32/nios2-elf/lib\libc.a(lib_a-fwalk.o)
                0x00000000080057f4                _fwalk_reent
 .text          0x00000000080058b8        0x0 c:/intelfpga_lite/16.1/nios2eds/bin/gnu/h-x86_64-mingw32/bin/../lib/gcc/nios2-elf/5.3.0/../../../../../H-x86_64-mingw32/nios2-elf/lib\libc.a(lib_a-makebuf.o)
 .text.__smakebuf_r
                0x00000000080058b8      0x1bc c:/intelfpga_lite/16.1/nios2eds/bin/gnu/h-x86_64-mingw32/bin/../lib/gcc/nios2-elf/5.3.0/../../../../../H-x86_64-mingw32/nios2-elf/lib\libc.a(lib_a-makebuf.o)
                0x00000000080058b8                __smakebuf_r
 .text          0x0000000008005a74        0x0 c:/intelfpga_lite/16.1/nios2eds/bin/gnu/h-x86_64-mingw32/bin/../lib/gcc/nios2-elf/5.3.0/../../../../../H-x86_64-mingw32/nios2-elf/lib\libc.a(lib_a-mallocr.o)
 .text._malloc_r
                0x0000000008005a74      0x80c c:/intelfpga_lite/16.1/nios2eds/bin/gnu/h-x86_64-mingw32/bin/../lib/gcc/nios2-elf/5.3.0/../../../../../H-x86_64-mingw32/nios2-elf/lib\libc.a(lib_a-mallocr.o)
                0x0000000008005a74                _malloc_r
 .text          0x0000000008006280        0x0 c:/intelfpga_lite/16.1/nios2eds/bin/gnu/h-x86_64-mingw32/bin/../lib/gcc/nios2-elf/5.3.0/../../../../../H-x86_64-mingw32/nios2-elf/lib\libc.a(lib_a-memset.o)
 .text.memset   0x0000000008006280      0x128 c:/intelfpga_lite/16.1/nios2eds/bin/gnu/h-x86_64-mingw32/bin/../lib/gcc/nios2-elf/5.3.0/../../../../../H-x86_64-mingw32/nios2-elf/lib\libc.a(lib_a-memset.o)
                0x0000000008006280                memset
 .text          0x00000000080063a8        0x0 c:/intelfpga_lite/16.1/nios2eds/bin/gnu/h-x86_64-mingw32/bin/../lib/gcc/nios2-elf/5.3.0/../../../../../H-x86_64-mingw32/nios2-elf/lib\libc.a(lib_a-refill.o)
 .text.lflush   0x00000000080063a8       0x1c c:/intelfpga_lite/16.1/nios2eds/bin/gnu/h-x86_64-mingw32/bin/../lib/gcc/nios2-elf/5.3.0/../../../../../H-x86_64-mingw32/nios2-elf/lib\libc.a(lib_a-refill.o)
 .text.__srefill_r
                0x00000000080063c4      0x1d4 c:/intelfpga_lite/16.1/nios2eds/bin/gnu/h-x86_64-mingw32/bin/../lib/gcc/nios2-elf/5.3.0/../../../../../H-x86_64-mingw32/nios2-elf/lib\libc.a(lib_a-refill.o)
                0x00000000080063c4                __srefill_r
 .text          0x0000000008006598        0x0 c:/intelfpga_lite/16.1/nios2eds/bin/gnu/h-x86_64-mingw32/bin/../lib/gcc/nios2-elf/5.3.0/../../../../../H-x86_64-mingw32/nios2-elf/lib\libc.a(lib_a-sbrkr.o)
 .text._sbrk_r  0x0000000008006598       0x54 c:/intelfpga_lite/16.1/nios2eds/bin/gnu/h-x86_64-mingw32/bin/../lib/gcc/nios2-elf/5.3.0/../../../../../H-x86_64-mingw32/nios2-elf/lib\libc.a(lib_a-sbrkr.o)
                0x0000000008006598                _sbrk_r
 .text          0x00000000080065ec        0x0 c:/intelfpga_lite/16.1/nios2eds/bin/gnu/h-x86_64-mingw32/bin/../lib/gcc/nios2-elf/5.3.0/../../../../../H-x86_64-mingw32/nios2-elf/lib\libc.a(lib_a-stdio.o)
 .text.__sread  0x00000000080065ec       0x54 c:/intelfpga_lite/16.1/nios2eds/bin/gnu/h-x86_64-mingw32/bin/../lib/gcc/nios2-elf/5.3.0/../../../../../H-x86_64-mingw32/nios2-elf/lib\libc.a(lib_a-stdio.o)
                0x00000000080065ec                __sread
 .text.__seofread
                0x0000000008006640        0x8 c:/intelfpga_lite/16.1/nios2eds/bin/gnu/h-x86_64-mingw32/bin/../lib/gcc/nios2-elf/5.3.0/../../../../../H-x86_64-mingw32/nios2-elf/lib\libc.a(lib_a-stdio.o)
                0x0000000008006640                __seofread
 .text.__swrite
                0x0000000008006648       0x7c c:/intelfpga_lite/16.1/nios2eds/bin/gnu/h-x86_64-mingw32/bin/../lib/gcc/nios2-elf/5.3.0/../../../../../H-x86_64-mingw32/nios2-elf/lib\libc.a(lib_a-stdio.o)
                0x0000000008006648                __swrite
 .text.__sseek  0x00000000080066c4       0x5c c:/intelfpga_lite/16.1/nios2eds/bin/gnu/h-x86_64-mingw32/bin/../lib/gcc/nios2-elf/5.3.0/../../../../../H-x86_64-mingw32/nios2-elf/lib\libc.a(lib_a-stdio.o)
                0x00000000080066c4                __sseek
 .text.__sclose
                0x0000000008006720        0x8 c:/intelfpga_lite/16.1/nios2eds/bin/gnu/h-x86_64-mingw32/bin/../lib/gcc/nios2-elf/5.3.0/../../../../../H-x86_64-mingw32/nios2-elf/lib\libc.a(lib_a-stdio.o)
                0x0000000008006720                __sclose
 .text          0x0000000008006728        0x0 c:/intelfpga_lite/16.1/nios2eds/bin/gnu/h-x86_64-mingw32/bin/../lib/gcc/nios2-elf/5.3.0/../../../../../H-x86_64-mingw32/nios2-elf/lib\libc.a(lib_a-writer.o)
 .text._write_r
                0x0000000008006728       0x60 c:/intelfpga_lite/16.1/nios2eds/bin/gnu/h-x86_64-mingw32/bin/../lib/gcc/nios2-elf/5.3.0/../../../../../H-x86_64-mingw32/nios2-elf/lib\libc.a(lib_a-writer.o)
                0x0000000008006728                _write_r
 .text          0x0000000008006788        0x0 c:/intelfpga_lite/16.1/nios2eds/bin/gnu/h-x86_64-mingw32/bin/../lib/gcc/nios2-elf/5.3.0/../../../../../H-x86_64-mingw32/nios2-elf/lib\libc.a(closer.o)
 .text._close_r
                0x0000000008006788       0x54 c:/intelfpga_lite/16.1/nios2eds/bin/gnu/h-x86_64-mingw32/bin/../lib/gcc/nios2-elf/5.3.0/../../../../../H-x86_64-mingw32/nios2-elf/lib\libc.a(closer.o)
                0x0000000008006788                _close_r
 .text          0x00000000080067dc        0x0 c:/intelfpga_lite/16.1/nios2eds/bin/gnu/h-x86_64-mingw32/bin/../lib/gcc/nios2-elf/5.3.0/../../../../../H-x86_64-mingw32/nios2-elf/lib\libc.a(lib_a-fclose.o)
 .text._fclose_r
                0x00000000080067dc       0xf0 c:/intelfpga_lite/16.1/nios2eds/bin/gnu/h-x86_64-mingw32/bin/../lib/gcc/nios2-elf/5.3.0/../../../../../H-x86_64-mingw32/nios2-elf/lib\libc.a(lib_a-fclose.o)
                0x00000000080067dc                _fclose_r
 .text.fclose   0x00000000080068cc       0x14 c:/intelfpga_lite/16.1/nios2eds/bin/gnu/h-x86_64-mingw32/bin/../lib/gcc/nios2-elf/5.3.0/../../../../../H-x86_64-mingw32/nios2-elf/lib\libc.a(lib_a-fclose.o)
                0x00000000080068cc                fclose
 .text          0x00000000080068e0        0x0 c:/intelfpga_lite/16.1/nios2eds/bin/gnu/h-x86_64-mingw32/bin/../lib/gcc/nios2-elf/5.3.0/../../../../../H-x86_64-mingw32/nios2-elf/lib\libc.a(lib_a-fstatr.o)
 .text._fstat_r
                0x00000000080068e0       0x5c c:/intelfpga_lite/16.1/nios2eds/bin/gnu/h-x86_64-mingw32/bin/../lib/gcc/nios2-elf/5.3.0/../../../../../H-x86_64-mingw32/nios2-elf/lib\libc.a(lib_a-fstatr.o)
                0x00000000080068e0                _fstat_r
 .text          0x000000000800693c        0x0 c:/intelfpga_lite/16.1/nios2eds/bin/gnu/h-x86_64-mingw32/bin/../lib/gcc/nios2-elf/5.3.0/../../../../../H-x86_64-mingw32/nios2-elf/lib\libc.a(lib_a-isattyr.o)
 .text._isatty_r
                0x000000000800693c       0x54 c:/intelfpga_lite/16.1/nios2eds/bin/gnu/h-x86_64-mingw32/bin/../lib/gcc/nios2-elf/5.3.0/../../../../../H-x86_64-mingw32/nios2-elf/lib\libc.a(lib_a-isattyr.o)
                0x000000000800693c                _isatty_r
 .text          0x0000000008006990        0x0 c:/intelfpga_lite/16.1/nios2eds/bin/gnu/h-x86_64-mingw32/bin/../lib/gcc/nios2-elf/5.3.0/../../../../../H-x86_64-mingw32/nios2-elf/lib\libc.a(lib_a-lseekr.o)
 .text._lseek_r
                0x0000000008006990       0x60 c:/intelfpga_lite/16.1/nios2eds/bin/gnu/h-x86_64-mingw32/bin/../lib/gcc/nios2-elf/5.3.0/../../../../../H-x86_64-mingw32/nios2-elf/lib\libc.a(lib_a-lseekr.o)
                0x0000000008006990                _lseek_r
 .text          0x00000000080069f0        0x0 c:/intelfpga_lite/16.1/nios2eds/bin/gnu/h-x86_64-mingw32/bin/../lib/gcc/nios2-elf/5.3.0/../../../../../H-x86_64-mingw32/nios2-elf/lib\libc.a(lib_a-readr.o)
 .text._read_r  0x00000000080069f0       0x60 c:/intelfpga_lite/16.1/nios2eds/bin/gnu/h-x86_64-mingw32/bin/../lib/gcc/nios2-elf/5.3.0/../../../../../H-x86_64-mingw32/nios2-elf/lib\libc.a(lib_a-readr.o)
                0x00000000080069f0                _read_r
 .text          0x0000000008006a50       0x34 ../Embed_System_bsp/\libhal_bsp.a(alt_exit.o)
                0x0000000008006a50                _exit
 .text          0x0000000008006a84       0xec ../Embed_System_bsp/\libhal_bsp.a(alt_fstat.o)
                0x0000000008006ac0                fstat
 .text          0x0000000008006b70       0xe0 ../Embed_System_bsp/\libhal_bsp.a(alt_isatty.o)
                0x0000000008006bac                isatty
 .text          0x0000000008006c50      0x110 ../Embed_System_bsp/\libhal_bsp.a(alt_lseek.o)
                0x0000000008006c8c                lseek
 .text          0x0000000008006d60       0x48 ../Embed_System_bsp/\libhal_bsp.a(alt_malloc_lock.o)
                0x0000000008006d60                __malloc_lock
                0x0000000008006d84                __malloc_unlock
 .text          0x0000000008006da8      0x138 ../Embed_System_bsp/\libhal_bsp.a(alt_read.o)
                0x0000000008006de4                read
 .text          0x0000000008006ee0       0xb0 ../Embed_System_bsp/\libhal_bsp.a(alt_sbrk.o)
                0x0000000008006ee0                sbrk
 .text          0x0000000008006f90      0x134 ../Embed_System_bsp/\libhal_bsp.a(alt_write.o)
                0x0000000008006fcc                write
 *(.gnu.warning.*)
 *(.fini)
                [!provide]                        PROVIDE (__etext, ABSOLUTE (.))
                [!provide]                        PROVIDE (_etext, ABSOLUTE (.))
                [!provide]                        PROVIDE (etext, ABSOLUTE (.))
 *(.eh_frame_hdr)
                0x00000000080070c4                . = ALIGN (0x4)
                [!provide]                        PROVIDE (__preinit_array_start, ABSOLUTE (.))
 *(.preinit_array)
                [!provide]                        PROVIDE (__preinit_array_end, ABSOLUTE (.))
                [!provide]                        PROVIDE (__init_array_start, ABSOLUTE (.))
 *(.init_array)
                [!provide]                        PROVIDE (__init_array_end, ABSOLUTE (.))
                [!provide]                        PROVIDE (__fini_array_start, ABSOLUTE (.))
 *(.fini_array)
                [!provide]                        PROVIDE (__fini_array_end, ABSOLUTE (.))
 *(.eh_frame)
 *(.gcc_except_table .gcc_except_table.*)
 *(.dynamic)
                0x00000000080070c4                PROVIDE (__CTOR_LIST__, ABSOLUTE (.))
 *(.ctors)
 *(SORT(.ctors.*))
                0x00000000080070c4                PROVIDE (__CTOR_END__, ABSOLUTE (.))
                0x00000000080070c4                PROVIDE (__DTOR_LIST__, ABSOLUTE (.))
 *(.dtors)
 *(SORT(.dtors.*))
                0x00000000080070c4                PROVIDE (__DTOR_END__, ABSOLUTE (.))
 *(.jcr)
                0x00000000080070c4                . = ALIGN (0x4)

.rodata         0x00000000080070c4      0x2cc
                0x00000000080070c4                PROVIDE (__ram_rodata_start, ABSOLUTE (.))
                0x00000000080070c4                . = ALIGN (0x4)
 *(.rodata .rodata.* .gnu.linkonce.r.*)
 .rodata        0x00000000080070c4      0x15c obj/default/main.o
 .rodata        0x0000000008007220       0x9c obj/default/src/alarm_util.o
 .rodata        0x00000000080072bc       0x27 obj/default/src/delay_wait.o
 *fill*         0x00000000080072e3        0x1 
 .rodata        0x00000000080072e4       0x30 obj/default/src/error_loop.o
 .rodata        0x0000000008007314        0xa obj/default/src/jtag_uart_util.o
 *fill*         0x000000000800731e        0x2 
 .rodata        0x0000000008007320        0xf ../Embed_System_bsp/\libhal_bsp.a(alt_main.o)
 *fill*         0x000000000800732f        0x1 
 .rodata        0x0000000008007330       0x4d ../Embed_System_bsp/\libhal_bsp.a(alt_sys_init.o)
 *fill*         0x000000000800737d        0x3 
 .rodata        0x0000000008007380        0xa ../Embed_System_bsp/\libhal_bsp.a(alt_dev.o)
 *fill*         0x000000000800738a        0x2 
 .rodata.str1.4
                0x000000000800738c        0x4 c:/intelfpga_lite/16.1/nios2eds/bin/gnu/h-x86_64-mingw32/bin/../lib/gcc/nios2-elf/5.3.0/../../../../../H-x86_64-mingw32/nios2-elf/lib\libc.a(lib_a-impure.o)
                                          0x2 (size before relaxing)
 *(.rodata1)
                0x0000000008007390                . = ALIGN (0x4)
                0x0000000008007390                PROVIDE (__ram_rodata_end, ABSOLUTE (.))
                0x00000000080070c4                PROVIDE (__flash_rodata_start, LOADADDR (.rodata))

.rwdata         0x0000000008007390     0x1bc4 load address 0x0000000008008f54
                0x0000000008007390                PROVIDE (__ram_rwdata_start, ABSOLUTE (.))
                0x0000000008007390                . = ALIGN (0x4)
 *(.got.plt)
 *(.got)
 *(.data1)
 *(.data .data.* .gnu.linkonce.d.*)
 .data          0x0000000008007390        0x0 ../Embed_System_bsp//obj/HAL/src/crt0.o
 .data          0x0000000008007390        0x0 obj/default/main.o
 .data          0x0000000008007390        0x0 obj/default/src/alarm_util.o
 .data          0x0000000008007390        0x0 obj/default/src/delay_wait.o
 .data          0x0000000008007390        0x0 obj/default/src/error_loop.o
 .data          0x0000000008007390        0x0 obj/default/src/jtag_uart_util.o
 .data          0x0000000008007390        0x0 obj/default/src/led_util.o
 .data          0x0000000008007390        0x0 c:/intelfpga_lite/16.1/nios2eds/bin/gnu/h-x86_64-mingw32/bin/../lib/gcc/nios2-elf/5.3.0\libgcc.a(lib2-divmod.o)
 .data          0x0000000008007390        0x0 ../Embed_System_bsp/\libhal_bsp.a(alt_alarm_start.o)
 .data          0x0000000008007390        0x0 ../Embed_System_bsp/\libhal_bsp.a(alt_getchar.o)
 .data          0x0000000008007390        0x0 ../Embed_System_bsp/\libhal_bsp.a(alt_load.o)
 .data          0x0000000008007390        0x0 ../Embed_System_bsp/\libhal_bsp.a(alt_main.o)
 .data          0x0000000008007390        0x0 ../Embed_System_bsp/\libhal_bsp.a(alt_printf.o)
 .data          0x0000000008007390        0x0 ../Embed_System_bsp/\libhal_bsp.a(alt_putchar.o)
 .data          0x0000000008007390        0x0 ../Embed_System_bsp/\libhal_bsp.a(alt_tick.o)
 .data          0x0000000008007390     0x119c ../Embed_System_bsp/\libhal_bsp.a(alt_sys_init.o)
 .data          0x000000000800852c        0x0 ../Embed_System_bsp/\libhal_bsp.a(altera_avalon_jtag_uart_fd.o)
 .data          0x000000000800852c        0x0 ../Embed_System_bsp/\libhal_bsp.a(altera_avalon_jtag_uart_init.o)
 .data          0x000000000800852c        0x0 ../Embed_System_bsp/\libhal_bsp.a(altera_avalon_jtag_uart_ioctl.o)
 .data          0x000000000800852c        0x0 ../Embed_System_bsp/\libhal_bsp.a(altera_avalon_jtag_uart_read.o)
 .data          0x000000000800852c        0x0 ../Embed_System_bsp/\libhal_bsp.a(altera_avalon_jtag_uart_write.o)
 .data          0x000000000800852c        0x0 ../Embed_System_bsp/\libhal_bsp.a(altera_avalon_timer_sc.o)
 .data          0x000000000800852c        0x0 ../Embed_System_bsp/\libhal_bsp.a(altera_modular_adc.o)
 .data          0x000000000800852c        0x0 ../Embed_System_bsp/\libhal_bsp.a(altera_onchip_flash.o)
 .data          0x000000000800852c        0x0 ../Embed_System_bsp/\libhal_bsp.a(alt_busy_sleep.o)
 .data          0x000000000800852c        0x0 ../Embed_System_bsp/\libhal_bsp.a(alt_close.o)
 .data          0x000000000800852c        0x0 ../Embed_System_bsp/\libhal_bsp.a(alt_dcache_flush.o)
 .data          0x000000000800852c        0x0 ../Embed_System_bsp/\libhal_bsp.a(alt_dcache_flush_all.o)
 .data          0x000000000800852c      0x1a8 ../Embed_System_bsp/\libhal_bsp.a(alt_dev.o)
                0x000000000800852c                alt_dev_null
                0x0000000008008554                alt_fd_list
 .data          0x00000000080086d4        0x0 ../Embed_System_bsp/\libhal_bsp.a(alt_dev_llist_insert.o)
 .data          0x00000000080086d4        0x0 ../Embed_System_bsp/\libhal_bsp.a(alt_do_ctors.o)
 .data          0x00000000080086d4        0x0 ../Embed_System_bsp/\libhal_bsp.a(alt_do_dtors.o)
 .data          0x00000000080086d4        0x0 ../Embed_System_bsp/\libhal_bsp.a(alt_errno.o)
 .data          0x00000000080086d4        0x0 ../Embed_System_bsp/\libhal_bsp.a(alt_find_dev.o)
 .data          0x00000000080086d4        0x0 ../Embed_System_bsp/\libhal_bsp.a(alt_flash_dev.o)
 .data          0x00000000080086d4        0x0 ../Embed_System_bsp/\libhal_bsp.a(alt_icache_flush_all.o)
 .data          0x00000000080086d4        0x0 ../Embed_System_bsp/\libhal_bsp.a(alt_iic.o)
 .data          0x00000000080086d4        0x0 ../Embed_System_bsp/\libhal_bsp.a(alt_iic_isr_register.o)
 .data          0x00000000080086d4        0x0 ../Embed_System_bsp/\libhal_bsp.a(alt_io_redirect.o)
 .data          0x00000000080086d4        0x0 ../Embed_System_bsp/\libhal_bsp.a(alt_irq_entry.o)
 .data          0x00000000080086d4        0x0 ../Embed_System_bsp/\libhal_bsp.a(alt_irq_handler.o)
 .data          0x00000000080086d4        0x0 ../Embed_System_bsp/\libhal_bsp.a(alt_irq_vars.o)
 .data          0x00000000080086d4        0x0 ../Embed_System_bsp/\libhal_bsp.a(alt_open.o)
 .data          0x00000000080086d4        0x0 ../Embed_System_bsp/\libhal_bsp.a(alt_release_fd.o)
 .data          0x00000000080086d4        0x0 ../Embed_System_bsp/\libhal_bsp.a(altera_nios2_gen2_irq.o)
 .data          0x00000000080086d4        0x0 ../Embed_System_bsp/\libhal_bsp.a(alt_exception_entry.o)
 .data          0x00000000080086d4        0x0 ../Embed_System_bsp/\libhal_bsp.a(alt_find_file.o)
 .data          0x00000000080086d4        0x0 ../Embed_System_bsp/\libhal_bsp.a(alt_get_fd.o)
 .data          0x00000000080086d4        0x0 ../Embed_System_bsp/\libhal_bsp.a(alt_icache_flush.o)
 .data          0x00000000080086d4        0x0 ../Embed_System_bsp/\libhal_bsp.a(alt_instruction_exception_entry.o)
 .data          0x00000000080086d4        0x0 c:/intelfpga_lite/16.1/nios2eds/bin/gnu/h-x86_64-mingw32/bin/../lib/gcc/nios2-elf/5.3.0/../../../../../H-x86_64-mingw32/nios2-elf/lib\libc.a(lib_a-atexit.o)
 .data          0x00000000080086d4        0x0 c:/intelfpga_lite/16.1/nios2eds/bin/gnu/h-x86_64-mingw32/bin/../lib/gcc/nios2-elf/5.3.0/../../../../../H-x86_64-mingw32/nios2-elf/lib\libc.a(lib_a-exit.o)
 .data          0x00000000080086d4        0x0 c:/intelfpga_lite/16.1/nios2eds/bin/gnu/h-x86_64-mingw32/bin/../lib/gcc/nios2-elf/5.3.0/../../../../../H-x86_64-mingw32/nios2-elf/lib\libc.a(lib_a-getc.o)
 .data          0x00000000080086d4        0x0 c:/intelfpga_lite/16.1/nios2eds/bin/gnu/h-x86_64-mingw32/bin/../lib/gcc/nios2-elf/5.3.0/../../../../../H-x86_64-mingw32/nios2-elf/lib\libc.a(lib_a-impure.o)
 .data.impure_data
                0x00000000080086d4      0x424 c:/intelfpga_lite/16.1/nios2eds/bin/gnu/h-x86_64-mingw32/bin/../lib/gcc/nios2-elf/5.3.0/../../../../../H-x86_64-mingw32/nios2-elf/lib\libc.a(lib_a-impure.o)
 .data          0x0000000008008af8        0x0 c:/intelfpga_lite/16.1/nios2eds/bin/gnu/h-x86_64-mingw32/bin/../lib/gcc/nios2-elf/5.3.0/../../../../../H-x86_64-mingw32/nios2-elf/lib\libc.a(lib_a-int_errno.o)
 .data          0x0000000008008af8        0x0 c:/intelfpga_lite/16.1/nios2eds/bin/gnu/h-x86_64-mingw32/bin/../lib/gcc/nios2-elf/5.3.0/../../../../../H-x86_64-mingw32/nios2-elf/lib\libc.a(lib_a-memcmp.o)
 .data          0x0000000008008af8        0x0 c:/intelfpga_lite/16.1/nios2eds/bin/gnu/h-x86_64-mingw32/bin/../lib/gcc/nios2-elf/5.3.0/../../../../../H-x86_64-mingw32/nios2-elf/lib\libc.a(lib_a-memcpy.o)
 .data          0x0000000008008af8        0x0 c:/intelfpga_lite/16.1/nios2eds/bin/gnu/h-x86_64-mingw32/bin/../lib/gcc/nios2-elf/5.3.0/../../../../../H-x86_64-mingw32/nios2-elf/lib\libc.a(lib_a-putc.o)
 .data          0x0000000008008af8        0x0 c:/intelfpga_lite/16.1/nios2eds/bin/gnu/h-x86_64-mingw32/bin/../lib/gcc/nios2-elf/5.3.0/../../../../../H-x86_64-mingw32/nios2-elf/lib\libc.a(lib_a-rget.o)
 .data          0x0000000008008af8        0x0 c:/intelfpga_lite/16.1/nios2eds/bin/gnu/h-x86_64-mingw32/bin/../lib/gcc/nios2-elf/5.3.0/../../../../../H-x86_64-mingw32/nios2-elf/lib\libc.a(lib_a-strlen.o)
 .data          0x0000000008008af8        0x0 c:/intelfpga_lite/16.1/nios2eds/bin/gnu/h-x86_64-mingw32/bin/../lib/gcc/nios2-elf/5.3.0/../../../../../H-x86_64-mingw32/nios2-elf/lib\libc.a(lib_a-wbuf.o)
 .data          0x0000000008008af8        0x0 c:/intelfpga_lite/16.1/nios2eds/bin/gnu/h-x86_64-mingw32/bin/../lib/gcc/nios2-elf/5.3.0/../../../../../H-x86_64-mingw32/nios2-elf/lib\libc.a(lib_a-wsetup.o)
 .data          0x0000000008008af8        0x0 c:/intelfpga_lite/16.1/nios2eds/bin/gnu/h-x86_64-mingw32/bin/../lib/gcc/nios2-elf/5.3.0/../../../../../H-x86_64-mingw32/nios2-elf/lib\libc.a(lib_a-__atexit.o)
 .data          0x0000000008008af8        0x0 c:/intelfpga_lite/16.1/nios2eds/bin/gnu/h-x86_64-mingw32/bin/../lib/gcc/nios2-elf/5.3.0/../../../../../H-x86_64-mingw32/nios2-elf/lib\libc.a(lib_a-__call_atexit.o)
 .data          0x0000000008008af8        0x0 c:/intelfpga_lite/16.1/nios2eds/bin/gnu/h-x86_64-mingw32/bin/../lib/gcc/nios2-elf/5.3.0/../../../../../H-x86_64-mingw32/nios2-elf/lib\libc.a(lib_a-fflush.o)
 .data          0x0000000008008af8        0x0 c:/intelfpga_lite/16.1/nios2eds/bin/gnu/h-x86_64-mingw32/bin/../lib/gcc/nios2-elf/5.3.0/../../../../../H-x86_64-mingw32/nios2-elf/lib\libc.a(lib_a-findfp.o)
 .data          0x0000000008008af8        0x0 c:/intelfpga_lite/16.1/nios2eds/bin/gnu/h-x86_64-mingw32/bin/../lib/gcc/nios2-elf/5.3.0/../../../../../H-x86_64-mingw32/nios2-elf/lib\libc.a(lib_a-freer.o)
 .data          0x0000000008008af8        0x0 c:/intelfpga_lite/16.1/nios2eds/bin/gnu/h-x86_64-mingw32/bin/../lib/gcc/nios2-elf/5.3.0/../../../../../H-x86_64-mingw32/nios2-elf/lib\libc.a(lib_a-fwalk.o)
 .data          0x0000000008008af8        0x0 c:/intelfpga_lite/16.1/nios2eds/bin/gnu/h-x86_64-mingw32/bin/../lib/gcc/nios2-elf/5.3.0/../../../../../H-x86_64-mingw32/nios2-elf/lib\libc.a(lib_a-makebuf.o)
 .data          0x0000000008008af8        0x0 c:/intelfpga_lite/16.1/nios2eds/bin/gnu/h-x86_64-mingw32/bin/../lib/gcc/nios2-elf/5.3.0/../../../../../H-x86_64-mingw32/nios2-elf/lib\libc.a(lib_a-mallocr.o)
 .data.__malloc_av_
                0x0000000008008af8      0x408 c:/intelfpga_lite/16.1/nios2eds/bin/gnu/h-x86_64-mingw32/bin/../lib/gcc/nios2-elf/5.3.0/../../../../../H-x86_64-mingw32/nios2-elf/lib\libc.a(lib_a-mallocr.o)
                0x0000000008008af8                __malloc_av_
 .data          0x0000000008008f00        0x0 c:/intelfpga_lite/16.1/nios2eds/bin/gnu/h-x86_64-mingw32/bin/../lib/gcc/nios2-elf/5.3.0/../../../../../H-x86_64-mingw32/nios2-elf/lib\libc.a(lib_a-memset.o)
 .data          0x0000000008008f00        0x0 c:/intelfpga_lite/16.1/nios2eds/bin/gnu/h-x86_64-mingw32/bin/../lib/gcc/nios2-elf/5.3.0/../../../../../H-x86_64-mingw32/nios2-elf/lib\libc.a(lib_a-refill.o)
 .data          0x0000000008008f00        0x0 c:/intelfpga_lite/16.1/nios2eds/bin/gnu/h-x86_64-mingw32/bin/../lib/gcc/nios2-elf/5.3.0/../../../../../H-x86_64-mingw32/nios2-elf/lib\libc.a(lib_a-sbrkr.o)
 .data          0x0000000008008f00        0x0 c:/intelfpga_lite/16.1/nios2eds/bin/gnu/h-x86_64-mingw32/bin/../lib/gcc/nios2-elf/5.3.0/../../../../../H-x86_64-mingw32/nios2-elf/lib\libc.a(lib_a-stdio.o)
 .data          0x0000000008008f00        0x0 c:/intelfpga_lite/16.1/nios2eds/bin/gnu/h-x86_64-mingw32/bin/../lib/gcc/nios2-elf/5.3.0/../../../../../H-x86_64-mingw32/nios2-elf/lib\libc.a(lib_a-writer.o)
 .data          0x0000000008008f00        0x0 c:/intelfpga_lite/16.1/nios2eds/bin/gnu/h-x86_64-mingw32/bin/../lib/gcc/nios2-elf/5.3.0/../../../../../H-x86_64-mingw32/nios2-elf/lib\libc.a(closer.o)
 .data          0x0000000008008f00        0x0 c:/intelfpga_lite/16.1/nios2eds/bin/gnu/h-x86_64-mingw32/bin/../lib/gcc/nios2-elf/5.3.0/../../../../../H-x86_64-mingw32/nios2-elf/lib\libc.a(lib_a-fclose.o)
 .data          0x0000000008008f00        0x0 c:/intelfpga_lite/16.1/nios2eds/bin/gnu/h-x86_64-mingw32/bin/../lib/gcc/nios2-elf/5.3.0/../../../../../H-x86_64-mingw32/nios2-elf/lib\libc.a(lib_a-fstatr.o)
 .data          0x0000000008008f00        0x0 c:/intelfpga_lite/16.1/nios2eds/bin/gnu/h-x86_64-mingw32/bin/../lib/gcc/nios2-elf/5.3.0/../../../../../H-x86_64-mingw32/nios2-elf/lib\libc.a(lib_a-isattyr.o)
 .data          0x0000000008008f00        0x0 c:/intelfpga_lite/16.1/nios2eds/bin/gnu/h-x86_64-mingw32/bin/../lib/gcc/nios2-elf/5.3.0/../../../../../H-x86_64-mingw32/nios2-elf/lib\libc.a(lib_a-lseekr.o)
 .data          0x0000000008008f00        0x0 c:/intelfpga_lite/16.1/nios2eds/bin/gnu/h-x86_64-mingw32/bin/../lib/gcc/nios2-elf/5.3.0/../../../../../H-x86_64-mingw32/nios2-elf/lib\libc.a(lib_a-readr.o)
 .data          0x0000000008008f00        0x0 ../Embed_System_bsp/\libhal_bsp.a(alt_exit.o)
 .data          0x0000000008008f00        0x0 ../Embed_System_bsp/\libhal_bsp.a(alt_fstat.o)
 .data          0x0000000008008f00        0x0 ../Embed_System_bsp/\libhal_bsp.a(alt_isatty.o)
 .data          0x0000000008008f00        0x0 ../Embed_System_bsp/\libhal_bsp.a(alt_lseek.o)
 .data          0x0000000008008f00        0x0 ../Embed_System_bsp/\libhal_bsp.a(alt_malloc_lock.o)
 .data          0x0000000008008f00        0x0 ../Embed_System_bsp/\libhal_bsp.a(alt_read.o)
 .data          0x0000000008008f00        0x0 ../Embed_System_bsp/\libhal_bsp.a(alt_sbrk.o)
 .data          0x0000000008008f00        0x0 ../Embed_System_bsp/\libhal_bsp.a(alt_write.o)
                0x0000000008010f00                _gp = ABSOLUTE ((. + 0x8000))
                [!provide]                        PROVIDE (gp, _gp)
 *(.rwdata .rwdata.*)
 *(.sdata .sdata.* .gnu.linkonce.s.*)
 .sdata         0x0000000008008f00        0x1 obj/default/src/delay_wait.o
                0x0000000008008f00                DELAY_MODE
 *fill*         0x0000000008008f01        0x3 
 .sdata         0x0000000008008f04        0x8 ../Embed_System_bsp/\libhal_bsp.a(alt_tick.o)
                0x0000000008008f04                alt_alarm_list
 .sdata         0x0000000008008f0c        0x8 ../Embed_System_bsp/\libhal_bsp.a(altera_modular_adc.o)
                0x0000000008008f0c                altera_modular_adc_list
 .sdata         0x0000000008008f14        0x8 ../Embed_System_bsp/\libhal_bsp.a(altera_onchip_flash.o)
                0x0000000008008f14                altera_onchip_flash_list
 .sdata         0x0000000008008f1c       0x14 ../Embed_System_bsp/\libhal_bsp.a(alt_dev.o)
                0x0000000008008f1c                alt_fs_list
                0x0000000008008f24                alt_dev_list
                0x0000000008008f2c                alt_max_fd
 .sdata         0x0000000008008f30        0x4 ../Embed_System_bsp/\libhal_bsp.a(alt_errno.o)
                0x0000000008008f30                alt_errno
 .sdata         0x0000000008008f34        0x8 ../Embed_System_bsp/\libhal_bsp.a(alt_flash_dev.o)
                0x0000000008008f34                alt_flash_dev_list
 .sdata         0x0000000008008f3c        0x4 ../Embed_System_bsp/\libhal_bsp.a(alt_irq_vars.o)
                0x0000000008008f3c                alt_priority_mask
 .sdata._global_impure_ptr
                0x0000000008008f40        0x4 c:/intelfpga_lite/16.1/nios2eds/bin/gnu/h-x86_64-mingw32/bin/../lib/gcc/nios2-elf/5.3.0/../../../../../H-x86_64-mingw32/nios2-elf/lib\libc.a(lib_a-impure.o)
                0x0000000008008f40                _global_impure_ptr
 .sdata._impure_ptr
                0x0000000008008f44        0x4 c:/intelfpga_lite/16.1/nios2eds/bin/gnu/h-x86_64-mingw32/bin/../lib/gcc/nios2-elf/5.3.0/../../../../../H-x86_64-mingw32/nios2-elf/lib\libc.a(lib_a-impure.o)
                0x0000000008008f44                _impure_ptr
 .sdata.__malloc_sbrk_base
                0x0000000008008f48        0x4 c:/intelfpga_lite/16.1/nios2eds/bin/gnu/h-x86_64-mingw32/bin/../lib/gcc/nios2-elf/5.3.0/../../../../../H-x86_64-mingw32/nios2-elf/lib\libc.a(lib_a-mallocr.o)
                0x0000000008008f48                __malloc_sbrk_base
 .sdata.__malloc_trim_threshold
                0x0000000008008f4c        0x4 c:/intelfpga_lite/16.1/nios2eds/bin/gnu/h-x86_64-mingw32/bin/../lib/gcc/nios2-elf/5.3.0/../../../../../H-x86_64-mingw32/nios2-elf/lib\libc.a(lib_a-mallocr.o)
                0x0000000008008f4c                __malloc_trim_threshold
 .sdata         0x0000000008008f50        0x4 ../Embed_System_bsp/\libhal_bsp.a(alt_sbrk.o)
 *(.sdata2 .sdata2.* .gnu.linkonce.s2.*)
                0x0000000008008f54                . = ALIGN (0x4)
                0x0000000008008f54                _edata = ABSOLUTE (.)
                [!provide]                        PROVIDE (edata, ABSOLUTE (.))
                0x0000000008008f54                PROVIDE (__ram_rwdata_end, ABSOLUTE (.))
                0x0000000008008f54                PROVIDE (__flash_rwdata_start, LOADADDR (.rwdata))

.bss            0x000000000800ab18      0x1e4
                0x000000000800ab18                __bss_start = ABSOLUTE (.)
                [!provide]                        PROVIDE (__sbss_start, ABSOLUTE (.))
                [!provide]                        PROVIDE (___sbss_start, ABSOLUTE (.))
 *(.dynsbss)
 *(.sbss .sbss.* .gnu.linkonce.sb.*)
 .sbss          0x000000000800ab18       0x20 obj/default/src/alarm_util.o
                0x000000000800ab18                ALARM_250MS_CONTEXT
                0x000000000800ab20                ALARM_100MS_CONTEXT
                0x000000000800ab28                ALARM_10MS_CONTEXT
                0x000000000800ab30                ALARM_1MS_CONTEXT
 .sbss          0x000000000800ab38        0x4 obj/default/src/delay_wait.o
                0x000000000800ab38                LAST_DELAY
 .sbss          0x000000000800ab3c        0x8 obj/default/src/jtag_uart_util.o
                0x000000000800ab3c                PRINT_STDIO_WRAP_COUNT
                0x000000000800ab40                PRINT_STDIO_MASK
 .sbss          0x000000000800ab44        0x2 obj/default/src/led_util.o
                0x000000000800ab44                LED_STATE
                0x000000000800ab45                LED_MASK
 *fill*         0x000000000800ab46        0x2 
 .sbss          0x000000000800ab48        0xc ../Embed_System_bsp/\libhal_bsp.a(alt_main.o)
                0x000000000800ab48                alt_argc
                0x000000000800ab4c                alt_argv
                0x000000000800ab50                alt_envp
 .sbss          0x000000000800ab54        0x8 ../Embed_System_bsp/\libhal_bsp.a(alt_tick.o)
                0x000000000800ab54                _alt_tick_rate
                0x000000000800ab58                _alt_nticks
 .sbss          0x000000000800ab5c        0x4 ../Embed_System_bsp/\libhal_bsp.a(alt_irq_vars.o)
                0x000000000800ab5c                alt_irq_active
 .sbss          0x000000000800ab60        0x4 ../Embed_System_bsp/\libhal_bsp.a(alt_instruction_exception_entry.o)
                0x000000000800ab60                alt_instruction_exception_handler
 .sbss          0x000000000800ab64        0x4 c:/intelfpga_lite/16.1/nios2eds/bin/gnu/h-x86_64-mingw32/bin/../lib/gcc/nios2-elf/5.3.0/../../../../../H-x86_64-mingw32/nios2-elf/lib\libc.a(lib_a-int_errno.o)
                0x000000000800ab64                errno
 .sbss.__malloc_max_total_mem
                0x000000000800ab68        0x4 c:/intelfpga_lite/16.1/nios2eds/bin/gnu/h-x86_64-mingw32/bin/../lib/gcc/nios2-elf/5.3.0/../../../../../H-x86_64-mingw32/nios2-elf/lib\libc.a(lib_a-mallocr.o)
                0x000000000800ab68                __malloc_max_total_mem
 .sbss.__malloc_max_sbrked_mem
                0x000000000800ab6c        0x4 c:/intelfpga_lite/16.1/nios2eds/bin/gnu/h-x86_64-mingw32/bin/../lib/gcc/nios2-elf/5.3.0/../../../../../H-x86_64-mingw32/nios2-elf/lib\libc.a(lib_a-mallocr.o)
                0x000000000800ab6c                __malloc_max_sbrked_mem
 .sbss.__malloc_top_pad
                0x000000000800ab70        0x4 c:/intelfpga_lite/16.1/nios2eds/bin/gnu/h-x86_64-mingw32/bin/../lib/gcc/nios2-elf/5.3.0/../../../../../H-x86_64-mingw32/nios2-elf/lib\libc.a(lib_a-mallocr.o)
                0x000000000800ab70                __malloc_top_pad
 *(.sbss2 .sbss2.* .gnu.linkonce.sb2.*)
 *(.scommon)
                [!provide]                        PROVIDE (__sbss_end, ABSOLUTE (.))
                [!provide]                        PROVIDE (___sbss_end, ABSOLUTE (.))
 *(.dynbss)
 *(.bss .bss.* .gnu.linkonce.b.*)
 .bss           0x000000000800ab74        0x0 ../Embed_System_bsp//obj/HAL/src/crt0.o
 .bss           0x000000000800ab74        0x0 obj/default/main.o
 .bss           0x000000000800ab74        0x0 obj/default/src/alarm_util.o
 .bss           0x000000000800ab74        0x0 obj/default/src/delay_wait.o
 .bss           0x000000000800ab74        0x0 obj/default/src/error_loop.o
 .bss           0x000000000800ab74        0x0 obj/default/src/jtag_uart_util.o
 .bss           0x000000000800ab74        0x0 obj/default/src/led_util.o
 .bss           0x000000000800ab74        0x0 c:/intelfpga_lite/16.1/nios2eds/bin/gnu/h-x86_64-mingw32/bin/../lib/gcc/nios2-elf/5.3.0\libgcc.a(lib2-divmod.o)
 .bss           0x000000000800ab74        0x0 ../Embed_System_bsp/\libhal_bsp.a(alt_alarm_start.o)
 .bss           0x000000000800ab74        0x0 ../Embed_System_bsp/\libhal_bsp.a(alt_getchar.o)
 .bss           0x000000000800ab74        0x0 ../Embed_System_bsp/\libhal_bsp.a(alt_load.o)
 .bss           0x000000000800ab74        0x0 ../Embed_System_bsp/\libhal_bsp.a(alt_main.o)
 .bss           0x000000000800ab74        0x0 ../Embed_System_bsp/\libhal_bsp.a(alt_printf.o)
 .bss           0x000000000800ab74        0x0 ../Embed_System_bsp/\libhal_bsp.a(alt_putchar.o)
 .bss           0x000000000800ab74        0x0 ../Embed_System_bsp/\libhal_bsp.a(alt_tick.o)
 .bss           0x000000000800ab74        0x0 ../Embed_System_bsp/\libhal_bsp.a(alt_sys_init.o)
 .bss           0x000000000800ab74        0x0 ../Embed_System_bsp/\libhal_bsp.a(altera_avalon_jtag_uart_fd.o)
 .bss           0x000000000800ab74        0x0 ../Embed_System_bsp/\libhal_bsp.a(altera_avalon_jtag_uart_init.o)
 .bss           0x000000000800ab74        0x0 ../Embed_System_bsp/\libhal_bsp.a(altera_avalon_jtag_uart_ioctl.o)
 .bss           0x000000000800ab74        0x0 ../Embed_System_bsp/\libhal_bsp.a(altera_avalon_jtag_uart_read.o)
 .bss           0x000000000800ab74        0x0 ../Embed_System_bsp/\libhal_bsp.a(altera_avalon_jtag_uart_write.o)
 .bss           0x000000000800ab74        0x0 ../Embed_System_bsp/\libhal_bsp.a(altera_avalon_timer_sc.o)
 .bss           0x000000000800ab74        0x0 ../Embed_System_bsp/\libhal_bsp.a(altera_modular_adc.o)
 .bss           0x000000000800ab74        0x0 ../Embed_System_bsp/\libhal_bsp.a(altera_onchip_flash.o)
 .bss           0x000000000800ab74        0x0 ../Embed_System_bsp/\libhal_bsp.a(alt_busy_sleep.o)
 .bss           0x000000000800ab74        0x0 ../Embed_System_bsp/\libhal_bsp.a(alt_close.o)
 .bss           0x000000000800ab74        0x0 ../Embed_System_bsp/\libhal_bsp.a(alt_dcache_flush.o)
 .bss           0x000000000800ab74        0x0 ../Embed_System_bsp/\libhal_bsp.a(alt_dcache_flush_all.o)
 .bss           0x000000000800ab74        0x0 ../Embed_System_bsp/\libhal_bsp.a(alt_dev.o)
 .bss           0x000000000800ab74        0x0 ../Embed_System_bsp/\libhal_bsp.a(alt_dev_llist_insert.o)
 .bss           0x000000000800ab74        0x0 ../Embed_System_bsp/\libhal_bsp.a(alt_do_ctors.o)
 .bss           0x000000000800ab74        0x0 ../Embed_System_bsp/\libhal_bsp.a(alt_do_dtors.o)
 .bss           0x000000000800ab74        0x0 ../Embed_System_bsp/\libhal_bsp.a(alt_errno.o)
 .bss           0x000000000800ab74        0x0 ../Embed_System_bsp/\libhal_bsp.a(alt_find_dev.o)
 .bss           0x000000000800ab74        0x0 ../Embed_System_bsp/\libhal_bsp.a(alt_flash_dev.o)
 .bss           0x000000000800ab74        0x0 ../Embed_System_bsp/\libhal_bsp.a(alt_icache_flush_all.o)
 .bss           0x000000000800ab74        0x0 ../Embed_System_bsp/\libhal_bsp.a(alt_iic.o)
 .bss           0x000000000800ab74        0x0 ../Embed_System_bsp/\libhal_bsp.a(alt_iic_isr_register.o)
 .bss           0x000000000800ab74        0x0 ../Embed_System_bsp/\libhal_bsp.a(alt_io_redirect.o)
 .bss           0x000000000800ab74        0x0 ../Embed_System_bsp/\libhal_bsp.a(alt_irq_entry.o)
 .bss           0x000000000800ab74        0x0 ../Embed_System_bsp/\libhal_bsp.a(alt_irq_handler.o)
 .bss           0x000000000800ab74        0x0 ../Embed_System_bsp/\libhal_bsp.a(alt_irq_vars.o)
 .bss           0x000000000800ab74        0x0 ../Embed_System_bsp/\libhal_bsp.a(alt_open.o)
 .bss           0x000000000800ab74        0x0 ../Embed_System_bsp/\libhal_bsp.a(alt_release_fd.o)
 .bss           0x000000000800ab74        0x0 ../Embed_System_bsp/\libhal_bsp.a(altera_nios2_gen2_irq.o)
 .bss           0x000000000800ab74        0x0 ../Embed_System_bsp/\libhal_bsp.a(alt_exception_entry.o)
 .bss           0x000000000800ab74        0x0 ../Embed_System_bsp/\libhal_bsp.a(alt_find_file.o)
 .bss           0x000000000800ab74        0x0 ../Embed_System_bsp/\libhal_bsp.a(alt_get_fd.o)
 .bss           0x000000000800ab74        0x0 ../Embed_System_bsp/\libhal_bsp.a(alt_icache_flush.o)
 .bss           0x000000000800ab74        0x0 ../Embed_System_bsp/\libhal_bsp.a(alt_instruction_exception_entry.o)
 .bss           0x000000000800ab74        0x0 c:/intelfpga_lite/16.1/nios2eds/bin/gnu/h-x86_64-mingw32/bin/../lib/gcc/nios2-elf/5.3.0/../../../../../H-x86_64-mingw32/nios2-elf/lib\libc.a(lib_a-atexit.o)
 .bss           0x000000000800ab74        0x0 c:/intelfpga_lite/16.1/nios2eds/bin/gnu/h-x86_64-mingw32/bin/../lib/gcc/nios2-elf/5.3.0/../../../../../H-x86_64-mingw32/nios2-elf/lib\libc.a(lib_a-exit.o)
 .bss           0x000000000800ab74        0x0 c:/intelfpga_lite/16.1/nios2eds/bin/gnu/h-x86_64-mingw32/bin/../lib/gcc/nios2-elf/5.3.0/../../../../../H-x86_64-mingw32/nios2-elf/lib\libc.a(lib_a-getc.o)
 .bss           0x000000000800ab74        0x0 c:/intelfpga_lite/16.1/nios2eds/bin/gnu/h-x86_64-mingw32/bin/../lib/gcc/nios2-elf/5.3.0/../../../../../H-x86_64-mingw32/nios2-elf/lib\libc.a(lib_a-impure.o)
 .bss           0x000000000800ab74        0x0 c:/intelfpga_lite/16.1/nios2eds/bin/gnu/h-x86_64-mingw32/bin/../lib/gcc/nios2-elf/5.3.0/../../../../../H-x86_64-mingw32/nios2-elf/lib\libc.a(lib_a-int_errno.o)
 .bss           0x000000000800ab74        0x0 c:/intelfpga_lite/16.1/nios2eds/bin/gnu/h-x86_64-mingw32/bin/../lib/gcc/nios2-elf/5.3.0/../../../../../H-x86_64-mingw32/nios2-elf/lib\libc.a(lib_a-memcmp.o)
 .bss           0x000000000800ab74        0x0 c:/intelfpga_lite/16.1/nios2eds/bin/gnu/h-x86_64-mingw32/bin/../lib/gcc/nios2-elf/5.3.0/../../../../../H-x86_64-mingw32/nios2-elf/lib\libc.a(lib_a-memcpy.o)
 .bss           0x000000000800ab74        0x0 c:/intelfpga_lite/16.1/nios2eds/bin/gnu/h-x86_64-mingw32/bin/../lib/gcc/nios2-elf/5.3.0/../../../../../H-x86_64-mingw32/nios2-elf/lib\libc.a(lib_a-putc.o)
 .bss           0x000000000800ab74        0x0 c:/intelfpga_lite/16.1/nios2eds/bin/gnu/h-x86_64-mingw32/bin/../lib/gcc/nios2-elf/5.3.0/../../../../../H-x86_64-mingw32/nios2-elf/lib\libc.a(lib_a-rget.o)
 .bss           0x000000000800ab74        0x0 c:/intelfpga_lite/16.1/nios2eds/bin/gnu/h-x86_64-mingw32/bin/../lib/gcc/nios2-elf/5.3.0/../../../../../H-x86_64-mingw32/nios2-elf/lib\libc.a(lib_a-strlen.o)
 .bss           0x000000000800ab74        0x0 c:/intelfpga_lite/16.1/nios2eds/bin/gnu/h-x86_64-mingw32/bin/../lib/gcc/nios2-elf/5.3.0/../../../../../H-x86_64-mingw32/nios2-elf/lib\libc.a(lib_a-wbuf.o)
 .bss           0x000000000800ab74        0x0 c:/intelfpga_lite/16.1/nios2eds/bin/gnu/h-x86_64-mingw32/bin/../lib/gcc/nios2-elf/5.3.0/../../../../../H-x86_64-mingw32/nios2-elf/lib\libc.a(lib_a-wsetup.o)
 .bss           0x000000000800ab74        0x0 c:/intelfpga_lite/16.1/nios2eds/bin/gnu/h-x86_64-mingw32/bin/../lib/gcc/nios2-elf/5.3.0/../../../../../H-x86_64-mingw32/nios2-elf/lib\libc.a(lib_a-__atexit.o)
 .bss           0x000000000800ab74        0x0 c:/intelfpga_lite/16.1/nios2eds/bin/gnu/h-x86_64-mingw32/bin/../lib/gcc/nios2-elf/5.3.0/../../../../../H-x86_64-mingw32/nios2-elf/lib\libc.a(lib_a-__call_atexit.o)
 .bss           0x000000000800ab74        0x0 c:/intelfpga_lite/16.1/nios2eds/bin/gnu/h-x86_64-mingw32/bin/../lib/gcc/nios2-elf/5.3.0/../../../../../H-x86_64-mingw32/nios2-elf/lib\libc.a(lib_a-fflush.o)
 .bss           0x000000000800ab74        0x0 c:/intelfpga_lite/16.1/nios2eds/bin/gnu/h-x86_64-mingw32/bin/../lib/gcc/nios2-elf/5.3.0/../../../../../H-x86_64-mingw32/nios2-elf/lib\libc.a(lib_a-findfp.o)
 .bss           0x000000000800ab74        0x0 c:/intelfpga_lite/16.1/nios2eds/bin/gnu/h-x86_64-mingw32/bin/../lib/gcc/nios2-elf/5.3.0/../../../../../H-x86_64-mingw32/nios2-elf/lib\libc.a(lib_a-freer.o)
 .bss           0x000000000800ab74        0x0 c:/intelfpga_lite/16.1/nios2eds/bin/gnu/h-x86_64-mingw32/bin/../lib/gcc/nios2-elf/5.3.0/../../../../../H-x86_64-mingw32/nios2-elf/lib\libc.a(lib_a-fwalk.o)
 .bss           0x000000000800ab74        0x0 c:/intelfpga_lite/16.1/nios2eds/bin/gnu/h-x86_64-mingw32/bin/../lib/gcc/nios2-elf/5.3.0/../../../../../H-x86_64-mingw32/nios2-elf/lib\libc.a(lib_a-makebuf.o)
 .bss           0x000000000800ab74        0x0 c:/intelfpga_lite/16.1/nios2eds/bin/gnu/h-x86_64-mingw32/bin/../lib/gcc/nios2-elf/5.3.0/../../../../../H-x86_64-mingw32/nios2-elf/lib\libc.a(lib_a-mallocr.o)
 .bss.__malloc_current_mallinfo
                0x000000000800ab74       0x28 c:/intelfpga_lite/16.1/nios2eds/bin/gnu/h-x86_64-mingw32/bin/../lib/gcc/nios2-elf/5.3.0/../../../../../H-x86_64-mingw32/nios2-elf/lib\libc.a(lib_a-mallocr.o)
                0x000000000800ab74                __malloc_current_mallinfo
 .bss           0x000000000800ab9c        0x0 c:/intelfpga_lite/16.1/nios2eds/bin/gnu/h-x86_64-mingw32/bin/../lib/gcc/nios2-elf/5.3.0/../../../../../H-x86_64-mingw32/nios2-elf/lib\libc.a(lib_a-memset.o)
 .bss           0x000000000800ab9c        0x0 c:/intelfpga_lite/16.1/nios2eds/bin/gnu/h-x86_64-mingw32/bin/../lib/gcc/nios2-elf/5.3.0/../../../../../H-x86_64-mingw32/nios2-elf/lib\libc.a(lib_a-refill.o)
 .bss           0x000000000800ab9c        0x0 c:/intelfpga_lite/16.1/nios2eds/bin/gnu/h-x86_64-mingw32/bin/../lib/gcc/nios2-elf/5.3.0/../../../../../H-x86_64-mingw32/nios2-elf/lib\libc.a(lib_a-sbrkr.o)
 .bss           0x000000000800ab9c        0x0 c:/intelfpga_lite/16.1/nios2eds/bin/gnu/h-x86_64-mingw32/bin/../lib/gcc/nios2-elf/5.3.0/../../../../../H-x86_64-mingw32/nios2-elf/lib\libc.a(lib_a-stdio.o)
 .bss           0x000000000800ab9c        0x0 c:/intelfpga_lite/16.1/nios2eds/bin/gnu/h-x86_64-mingw32/bin/../lib/gcc/nios2-elf/5.3.0/../../../../../H-x86_64-mingw32/nios2-elf/lib\libc.a(lib_a-writer.o)
 .bss           0x000000000800ab9c        0x0 c:/intelfpga_lite/16.1/nios2eds/bin/gnu/h-x86_64-mingw32/bin/../lib/gcc/nios2-elf/5.3.0/../../../../../H-x86_64-mingw32/nios2-elf/lib\libc.a(closer.o)
 .bss           0x000000000800ab9c        0x0 c:/intelfpga_lite/16.1/nios2eds/bin/gnu/h-x86_64-mingw32/bin/../lib/gcc/nios2-elf/5.3.0/../../../../../H-x86_64-mingw32/nios2-elf/lib\libc.a(lib_a-fclose.o)
 .bss           0x000000000800ab9c        0x0 c:/intelfpga_lite/16.1/nios2eds/bin/gnu/h-x86_64-mingw32/bin/../lib/gcc/nios2-elf/5.3.0/../../../../../H-x86_64-mingw32/nios2-elf/lib\libc.a(lib_a-fstatr.o)
 .bss           0x000000000800ab9c        0x0 c:/intelfpga_lite/16.1/nios2eds/bin/gnu/h-x86_64-mingw32/bin/../lib/gcc/nios2-elf/5.3.0/../../../../../H-x86_64-mingw32/nios2-elf/lib\libc.a(lib_a-isattyr.o)
 .bss           0x000000000800ab9c        0x0 c:/intelfpga_lite/16.1/nios2eds/bin/gnu/h-x86_64-mingw32/bin/../lib/gcc/nios2-elf/5.3.0/../../../../../H-x86_64-mingw32/nios2-elf/lib\libc.a(lib_a-lseekr.o)
 .bss           0x000000000800ab9c        0x0 c:/intelfpga_lite/16.1/nios2eds/bin/gnu/h-x86_64-mingw32/bin/../lib/gcc/nios2-elf/5.3.0/../../../../../H-x86_64-mingw32/nios2-elf/lib\libc.a(lib_a-readr.o)
 .bss           0x000000000800ab9c        0x0 ../Embed_System_bsp/\libhal_bsp.a(alt_exit.o)
 .bss           0x000000000800ab9c        0x0 ../Embed_System_bsp/\libhal_bsp.a(alt_fstat.o)
 .bss           0x000000000800ab9c        0x0 ../Embed_System_bsp/\libhal_bsp.a(alt_isatty.o)
 .bss           0x000000000800ab9c        0x0 ../Embed_System_bsp/\libhal_bsp.a(alt_lseek.o)
 .bss           0x000000000800ab9c        0x0 ../Embed_System_bsp/\libhal_bsp.a(alt_malloc_lock.o)
 .bss           0x000000000800ab9c        0x0 ../Embed_System_bsp/\libhal_bsp.a(alt_read.o)
 .bss           0x000000000800ab9c        0x0 ../Embed_System_bsp/\libhal_bsp.a(alt_sbrk.o)
 .bss           0x000000000800ab9c        0x0 ../Embed_System_bsp/\libhal_bsp.a(alt_write.o)
 *(COMMON)
 COMMON         0x000000000800ab9c       0x60 obj/default/src/alarm_util.o
                0x000000000800ab9c                ALARM_100MS
                0x000000000800abb4                ALARM_1MS
                0x000000000800abcc                ALARM_250MS
                0x000000000800abe4                ALARM_10MS
 COMMON         0x000000000800abfc      0x100 ../Embed_System_bsp/\libhal_bsp.a(alt_irq_handler.o)
                0x000000000800abfc                alt_irq
                0x000000000800acfc                . = ALIGN (0x4)
                0x000000000800acfc                __bss_end = ABSOLUTE (.)

.onchip_ram     0x0000000001008244        0x0 load address 0x000000000800acfc
                [!provide]                        PROVIDE (_alt_partition_onchip_ram_start, ABSOLUTE (.))
 *(.onchip_ram .onchip_ram. onchip_ram.*)
                0x0000000001008244                . = ALIGN (0x4)
                [!provide]                        PROVIDE (_alt_partition_onchip_ram_end, ABSOLUTE (.))
                [!provide]                        PROVIDE (_alt_partition_onchip_ram_load_addr, LOADADDR (.onchip_ram))

.onchip_flash_0_data
                0x0000000001400000        0x0 load address 0x000000000800acfc
                [!provide]                        PROVIDE (_alt_partition_onchip_flash_0_data_start, ABSOLUTE (.))
 *(.onchip_flash_0_data .onchip_flash_0_data. onchip_flash_0_data.*)
                0x0000000001400000                . = ALIGN (0x4)
                [!provide]                        PROVIDE (_alt_partition_onchip_flash_0_data_end, ABSOLUTE (.))
                [!provide]                        PROVIDE (_alt_partition_onchip_flash_0_data_load_addr, LOADADDR (.onchip_flash_0_data))

.sdram          0x000000000800acfc        0x0
                [!provide]                        PROVIDE (_alt_partition_sdram_start, ABSOLUTE (.))
 *(.sdram .sdram. sdram.*)
                0x000000000800acfc                . = ALIGN (0x4)
                [!provide]                        PROVIDE (_alt_partition_sdram_end, ABSOLUTE (.))
                0x000000000800acfc                _end = ABSOLUTE (.)
                0x000000000800acfc                end = ABSOLUTE (.)
                0x000000000800acfc                __alt_stack_base = ABSOLUTE (.)
                [!provide]                        PROVIDE (_alt_partition_sdram_load_addr, LOADADDR (.sdram))

.stab
 *(.stab)

.stabstr
 *(.stabstr)

.stab.excl
 *(.stab.excl)

.stab.exclstr
 *(.stab.exclstr)

.stab.index
 *(.stab.index)

.stab.indexstr
 *(.stab.indexstr)

.comment        0x0000000000000000       0x23
 *(.comment)
 .comment       0x0000000000000000       0x23 obj/default/main.o
                                         0x24 (size before relaxing)
 .comment       0x0000000000000023       0x24 obj/default/src/alarm_util.o
 .comment       0x0000000000000023       0x24 obj/default/src/delay_wait.o
 .comment       0x0000000000000023       0x24 obj/default/src/error_loop.o
 .comment       0x0000000000000023       0x24 obj/default/src/jtag_uart_util.o
 .comment       0x0000000000000023       0x24 obj/default/src/led_util.o
 .comment       0x0000000000000023       0x24 c:/intelfpga_lite/16.1/nios2eds/bin/gnu/h-x86_64-mingw32/bin/../lib/gcc/nios2-elf/5.3.0\libgcc.a(lib2-divmod.o)
 .comment       0x0000000000000023       0x24 ../Embed_System_bsp/\libhal_bsp.a(alt_alarm_start.o)
 .comment       0x0000000000000023       0x24 ../Embed_System_bsp/\libhal_bsp.a(alt_getchar.o)
 .comment       0x0000000000000023       0x24 ../Embed_System_bsp/\libhal_bsp.a(alt_load.o)
 .comment       0x0000000000000023       0x24 ../Embed_System_bsp/\libhal_bsp.a(alt_main.o)
 .comment       0x0000000000000023       0x24 ../Embed_System_bsp/\libhal_bsp.a(alt_printf.o)
 .comment       0x0000000000000023       0x24 ../Embed_System_bsp/\libhal_bsp.a(alt_putchar.o)
 .comment       0x0000000000000023       0x24 ../Embed_System_bsp/\libhal_bsp.a(alt_tick.o)
 .comment       0x0000000000000023       0x24 ../Embed_System_bsp/\libhal_bsp.a(alt_sys_init.o)
 .comment       0x0000000000000023       0x24 ../Embed_System_bsp/\libhal_bsp.a(altera_avalon_jtag_uart_fd.o)
 .comment       0x0000000000000023       0x24 ../Embed_System_bsp/\libhal_bsp.a(altera_avalon_jtag_uart_init.o)
 .comment       0x0000000000000023       0x24 ../Embed_System_bsp/\libhal_bsp.a(altera_avalon_jtag_uart_ioctl.o)
 .comment       0x0000000000000023       0x24 ../Embed_System_bsp/\libhal_bsp.a(altera_avalon_jtag_uart_read.o)
 .comment       0x0000000000000023       0x24 ../Embed_System_bsp/\libhal_bsp.a(altera_avalon_jtag_uart_write.o)
 .comment       0x0000000000000023       0x24 ../Embed_System_bsp/\libhal_bsp.a(altera_avalon_timer_sc.o)
 .comment       0x0000000000000023       0x24 ../Embed_System_bsp/\libhal_bsp.a(altera_modular_adc.o)
 .comment       0x0000000000000023       0x24 ../Embed_System_bsp/\libhal_bsp.a(altera_onchip_flash.o)
 .comment       0x0000000000000023       0x24 ../Embed_System_bsp/\libhal_bsp.a(alt_busy_sleep.o)
 .comment       0x0000000000000023       0x24 ../Embed_System_bsp/\libhal_bsp.a(alt_close.o)
 .comment       0x0000000000000023       0x24 ../Embed_System_bsp/\libhal_bsp.a(alt_dcache_flush.o)
 .comment       0x0000000000000023       0x24 ../Embed_System_bsp/\libhal_bsp.a(alt_dcache_flush_all.o)
 .comment       0x0000000000000023       0x24 ../Embed_System_bsp/\libhal_bsp.a(alt_dev.o)
 .comment       0x0000000000000023       0x24 ../Embed_System_bsp/\libhal_bsp.a(alt_dev_llist_insert.o)
 .comment       0x0000000000000023       0x24 ../Embed_System_bsp/\libhal_bsp.a(alt_do_ctors.o)
 .comment       0x0000000000000023       0x24 ../Embed_System_bsp/\libhal_bsp.a(alt_do_dtors.o)
 .comment       0x0000000000000023       0x24 ../Embed_System_bsp/\libhal_bsp.a(alt_errno.o)
 .comment       0x0000000000000023       0x24 ../Embed_System_bsp/\libhal_bsp.a(alt_find_dev.o)
 .comment       0x0000000000000023       0x24 ../Embed_System_bsp/\libhal_bsp.a(alt_flash_dev.o)
 .comment       0x0000000000000023       0x24 ../Embed_System_bsp/\libhal_bsp.a(alt_icache_flush_all.o)
 .comment       0x0000000000000023       0x24 ../Embed_System_bsp/\libhal_bsp.a(alt_iic.o)
 .comment       0x0000000000000023       0x24 ../Embed_System_bsp/\libhal_bsp.a(alt_iic_isr_register.o)
 .comment       0x0000000000000023       0x24 ../Embed_System_bsp/\libhal_bsp.a(alt_io_redirect.o)
 .comment       0x0000000000000023       0x24 ../Embed_System_bsp/\libhal_bsp.a(alt_irq_handler.o)
 .comment       0x0000000000000023       0x24 ../Embed_System_bsp/\libhal_bsp.a(alt_irq_vars.o)
 .comment       0x0000000000000023       0x24 ../Embed_System_bsp/\libhal_bsp.a(alt_open.o)
 .comment       0x0000000000000023       0x24 ../Embed_System_bsp/\libhal_bsp.a(alt_release_fd.o)
 .comment       0x0000000000000023       0x24 ../Embed_System_bsp/\libhal_bsp.a(altera_nios2_gen2_irq.o)
 .comment       0x0000000000000023       0x24 ../Embed_System_bsp/\libhal_bsp.a(alt_find_file.o)
 .comment       0x0000000000000023       0x24 ../Embed_System_bsp/\libhal_bsp.a(alt_get_fd.o)
 .comment       0x0000000000000023       0x24 ../Embed_System_bsp/\libhal_bsp.a(alt_icache_flush.o)
 .comment       0x0000000000000023       0x24 ../Embed_System_bsp/\libhal_bsp.a(alt_instruction_exception_entry.o)
 .comment       0x0000000000000023       0x24 c:/intelfpga_lite/16.1/nios2eds/bin/gnu/h-x86_64-mingw32/bin/../lib/gcc/nios2-elf/5.3.0/../../../../../H-x86_64-mingw32/nios2-elf/lib\libc.a(lib_a-atexit.o)
 .comment       0x0000000000000023       0x24 c:/intelfpga_lite/16.1/nios2eds/bin/gnu/h-x86_64-mingw32/bin/../lib/gcc/nios2-elf/5.3.0/../../../../../H-x86_64-mingw32/nios2-elf/lib\libc.a(lib_a-exit.o)
 .comment       0x0000000000000023       0x24 c:/intelfpga_lite/16.1/nios2eds/bin/gnu/h-x86_64-mingw32/bin/../lib/gcc/nios2-elf/5.3.0/../../../../../H-x86_64-mingw32/nios2-elf/lib\libc.a(lib_a-getc.o)
 .comment       0x0000000000000023       0x24 c:/intelfpga_lite/16.1/nios2eds/bin/gnu/h-x86_64-mingw32/bin/../lib/gcc/nios2-elf/5.3.0/../../../../../H-x86_64-mingw32/nios2-elf/lib\libc.a(lib_a-impure.o)
 .comment       0x0000000000000023       0x24 c:/intelfpga_lite/16.1/nios2eds/bin/gnu/h-x86_64-mingw32/bin/../lib/gcc/nios2-elf/5.3.0/../../../../../H-x86_64-mingw32/nios2-elf/lib\libc.a(lib_a-int_errno.o)
 .comment       0x0000000000000023       0x24 c:/intelfpga_lite/16.1/nios2eds/bin/gnu/h-x86_64-mingw32/bin/../lib/gcc/nios2-elf/5.3.0/../../../../../H-x86_64-mingw32/nios2-elf/lib\libc.a(lib_a-memcmp.o)
 .comment       0x0000000000000023       0x24 c:/intelfpga_lite/16.1/nios2eds/bin/gnu/h-x86_64-mingw32/bin/../lib/gcc/nios2-elf/5.3.0/../../../../../H-x86_64-mingw32/nios2-elf/lib\libc.a(lib_a-memcpy.o)
 .comment       0x0000000000000023       0x24 c:/intelfpga_lite/16.1/nios2eds/bin/gnu/h-x86_64-mingw32/bin/../lib/gcc/nios2-elf/5.3.0/../../../../../H-x86_64-mingw32/nios2-elf/lib\libc.a(lib_a-putc.o)
 .comment       0x0000000000000023       0x24 c:/intelfpga_lite/16.1/nios2eds/bin/gnu/h-x86_64-mingw32/bin/../lib/gcc/nios2-elf/5.3.0/../../../../../H-x86_64-mingw32/nios2-elf/lib\libc.a(lib_a-rget.o)
 .comment       0x0000000000000023       0x24 c:/intelfpga_lite/16.1/nios2eds/bin/gnu/h-x86_64-mingw32/bin/../lib/gcc/nios2-elf/5.3.0/../../../../../H-x86_64-mingw32/nios2-elf/lib\libc.a(lib_a-strlen.o)
 .comment       0x0000000000000023       0x24 c:/intelfpga_lite/16.1/nios2eds/bin/gnu/h-x86_64-mingw32/bin/../lib/gcc/nios2-elf/5.3.0/../../../../../H-x86_64-mingw32/nios2-elf/lib\libc.a(lib_a-wbuf.o)
 .comment       0x0000000000000023       0x24 c:/intelfpga_lite/16.1/nios2eds/bin/gnu/h-x86_64-mingw32/bin/../lib/gcc/nios2-elf/5.3.0/../../../../../H-x86_64-mingw32/nios2-elf/lib\libc.a(lib_a-wsetup.o)
 .comment       0x0000000000000023       0x24 c:/intelfpga_lite/16.1/nios2eds/bin/gnu/h-x86_64-mingw32/bin/../lib/gcc/nios2-elf/5.3.0/../../../../../H-x86_64-mingw32/nios2-elf/lib\libc.a(lib_a-__atexit.o)
 .comment       0x0000000000000023       0x24 c:/intelfpga_lite/16.1/nios2eds/bin/gnu/h-x86_64-mingw32/bin/../lib/gcc/nios2-elf/5.3.0/../../../../../H-x86_64-mingw32/nios2-elf/lib\libc.a(lib_a-__call_atexit.o)
 .comment       0x0000000000000023       0x24 c:/intelfpga_lite/16.1/nios2eds/bin/gnu/h-x86_64-mingw32/bin/../lib/gcc/nios2-elf/5.3.0/../../../../../H-x86_64-mingw32/nios2-elf/lib\libc.a(lib_a-fflush.o)
 .comment       0x0000000000000023       0x24 c:/intelfpga_lite/16.1/nios2eds/bin/gnu/h-x86_64-mingw32/bin/../lib/gcc/nios2-elf/5.3.0/../../../../../H-x86_64-mingw32/nios2-elf/lib\libc.a(lib_a-findfp.o)
 .comment       0x0000000000000023       0x24 c:/intelfpga_lite/16.1/nios2eds/bin/gnu/h-x86_64-mingw32/bin/../lib/gcc/nios2-elf/5.3.0/../../../../../H-x86_64-mingw32/nios2-elf/lib\libc.a(lib_a-freer.o)
 .comment       0x0000000000000023       0x24 c:/intelfpga_lite/16.1/nios2eds/bin/gnu/h-x86_64-mingw32/bin/../lib/gcc/nios2-elf/5.3.0/../../../../../H-x86_64-mingw32/nios2-elf/lib\libc.a(lib_a-fwalk.o)
 .comment       0x0000000000000023       0x24 c:/intelfpga_lite/16.1/nios2eds/bin/gnu/h-x86_64-mingw32/bin/../lib/gcc/nios2-elf/5.3.0/../../../../../H-x86_64-mingw32/nios2-elf/lib\libc.a(lib_a-makebuf.o)
 .comment       0x0000000000000023       0x24 c:/intelfpga_lite/16.1/nios2eds/bin/gnu/h-x86_64-mingw32/bin/../lib/gcc/nios2-elf/5.3.0/../../../../../H-x86_64-mingw32/nios2-elf/lib\libc.a(lib_a-mallocr.o)
 .comment       0x0000000000000023       0x24 c:/intelfpga_lite/16.1/nios2eds/bin/gnu/h-x86_64-mingw32/bin/../lib/gcc/nios2-elf/5.3.0/../../../../../H-x86_64-mingw32/nios2-elf/lib\libc.a(lib_a-memset.o)
 .comment       0x0000000000000023       0x24 c:/intelfpga_lite/16.1/nios2eds/bin/gnu/h-x86_64-mingw32/bin/../lib/gcc/nios2-elf/5.3.0/../../../../../H-x86_64-mingw32/nios2-elf/lib\libc.a(lib_a-refill.o)
 .comment       0x0000000000000023       0x24 c:/intelfpga_lite/16.1/nios2eds/bin/gnu/h-x86_64-mingw32/bin/../lib/gcc/nios2-elf/5.3.0/../../../../../H-x86_64-mingw32/nios2-elf/lib\libc.a(lib_a-sbrkr.o)
 .comment       0x0000000000000023       0x24 c:/intelfpga_lite/16.1/nios2eds/bin/gnu/h-x86_64-mingw32/bin/../lib/gcc/nios2-elf/5.3.0/../../../../../H-x86_64-mingw32/nios2-elf/lib\libc.a(lib_a-stdio.o)
 .comment       0x0000000000000023       0x24 c:/intelfpga_lite/16.1/nios2eds/bin/gnu/h-x86_64-mingw32/bin/../lib/gcc/nios2-elf/5.3.0/../../../../../H-x86_64-mingw32/nios2-elf/lib\libc.a(lib_a-writer.o)
 .comment       0x0000000000000023       0x24 c:/intelfpga_lite/16.1/nios2eds/bin/gnu/h-x86_64-mingw32/bin/../lib/gcc/nios2-elf/5.3.0/../../../../../H-x86_64-mingw32/nios2-elf/lib\libc.a(closer.o)
 .comment       0x0000000000000023       0x24 c:/intelfpga_lite/16.1/nios2eds/bin/gnu/h-x86_64-mingw32/bin/../lib/gcc/nios2-elf/5.3.0/../../../../../H-x86_64-mingw32/nios2-elf/lib\libc.a(lib_a-fclose.o)
 .comment       0x0000000000000023       0x24 c:/intelfpga_lite/16.1/nios2eds/bin/gnu/h-x86_64-mingw32/bin/../lib/gcc/nios2-elf/5.3.0/../../../../../H-x86_64-mingw32/nios2-elf/lib\libc.a(lib_a-fstatr.o)
 .comment       0x0000000000000023       0x24 c:/intelfpga_lite/16.1/nios2eds/bin/gnu/h-x86_64-mingw32/bin/../lib/gcc/nios2-elf/5.3.0/../../../../../H-x86_64-mingw32/nios2-elf/lib\libc.a(lib_a-isattyr.o)
 .comment       0x0000000000000023       0x24 c:/intelfpga_lite/16.1/nios2eds/bin/gnu/h-x86_64-mingw32/bin/../lib/gcc/nios2-elf/5.3.0/../../../../../H-x86_64-mingw32/nios2-elf/lib\libc.a(lib_a-lseekr.o)
 .comment       0x0000000000000023       0x24 c:/intelfpga_lite/16.1/nios2eds/bin/gnu/h-x86_64-mingw32/bin/../lib/gcc/nios2-elf/5.3.0/../../../../../H-x86_64-mingw32/nios2-elf/lib\libc.a(lib_a-readr.o)
 .comment       0x0000000000000023       0x24 ../Embed_System_bsp/\libhal_bsp.a(alt_exit.o)
 .comment       0x0000000000000023       0x24 ../Embed_System_bsp/\libhal_bsp.a(alt_fstat.o)
 .comment       0x0000000000000023       0x24 ../Embed_System_bsp/\libhal_bsp.a(alt_isatty.o)
 .comment       0x0000000000000023       0x24 ../Embed_System_bsp/\libhal_bsp.a(alt_lseek.o)
 .comment       0x0000000000000023       0x24 ../Embed_System_bsp/\libhal_bsp.a(alt_malloc_lock.o)
 .comment       0x0000000000000023       0x24 ../Embed_System_bsp/\libhal_bsp.a(alt_read.o)
 .comment       0x0000000000000023       0x24 ../Embed_System_bsp/\libhal_bsp.a(alt_sbrk.o)
 .comment       0x0000000000000023       0x24 ../Embed_System_bsp/\libhal_bsp.a(alt_write.o)

.debug
 *(.debug)

.line
 *(.line)

.debug_srcinfo
 *(.debug_srcinfo)

.debug_sfnames
 *(.debug_sfnames)

.debug_aranges  0x0000000000000000      0xbf0
 *(.debug_aranges)
 .debug_aranges
                0x0000000000000000       0x28 ../Embed_System_bsp//obj/HAL/src/crt0.o
 .debug_aranges
                0x0000000000000028       0x20 obj/default/main.o
 .debug_aranges
                0x0000000000000048       0x20 obj/default/src/alarm_util.o
 .debug_aranges
                0x0000000000000068       0x20 obj/default/src/delay_wait.o
 .debug_aranges
                0x0000000000000088       0x20 obj/default/src/error_loop.o
 .debug_aranges
                0x00000000000000a8       0x20 obj/default/src/jtag_uart_util.o
 .debug_aranges
                0x00000000000000c8       0x20 obj/default/src/led_util.o
 .debug_aranges
                0x00000000000000e8       0x20 c:/intelfpga_lite/16.1/nios2eds/bin/gnu/h-x86_64-mingw32/bin/../lib/gcc/nios2-elf/5.3.0\libgcc.a(lib2-divmod.o)
 .debug_aranges
                0x0000000000000108       0x20 ../Embed_System_bsp/\libhal_bsp.a(alt_alarm_start.o)
 .debug_aranges
                0x0000000000000128       0x20 ../Embed_System_bsp/\libhal_bsp.a(alt_getchar.o)
 .debug_aranges
                0x0000000000000148       0x20 ../Embed_System_bsp/\libhal_bsp.a(alt_load.o)
 .debug_aranges
                0x0000000000000168       0x20 ../Embed_System_bsp/\libhal_bsp.a(alt_main.o)
 .debug_aranges
                0x0000000000000188       0x20 ../Embed_System_bsp/\libhal_bsp.a(alt_printf.o)
 .debug_aranges
                0x00000000000001a8       0x20 ../Embed_System_bsp/\libhal_bsp.a(alt_putchar.o)
 .debug_aranges
                0x00000000000001c8       0x20 ../Embed_System_bsp/\libhal_bsp.a(alt_tick.o)
 .debug_aranges
                0x00000000000001e8       0x20 ../Embed_System_bsp/\libhal_bsp.a(alt_sys_init.o)
 .debug_aranges
                0x0000000000000208       0x20 ../Embed_System_bsp/\libhal_bsp.a(altera_avalon_jtag_uart_fd.o)
 .debug_aranges
                0x0000000000000228       0x20 ../Embed_System_bsp/\libhal_bsp.a(altera_avalon_jtag_uart_init.o)
 .debug_aranges
                0x0000000000000248       0x20 ../Embed_System_bsp/\libhal_bsp.a(altera_avalon_jtag_uart_ioctl.o)
 .debug_aranges
                0x0000000000000268       0x20 ../Embed_System_bsp/\libhal_bsp.a(altera_avalon_jtag_uart_read.o)
 .debug_aranges
                0x0000000000000288       0x20 ../Embed_System_bsp/\libhal_bsp.a(altera_avalon_jtag_uart_write.o)
 .debug_aranges
                0x00000000000002a8       0x20 ../Embed_System_bsp/\libhal_bsp.a(altera_avalon_timer_sc.o)
 .debug_aranges
                0x00000000000002c8       0x20 ../Embed_System_bsp/\libhal_bsp.a(altera_modular_adc.o)
 .debug_aranges
                0x00000000000002e8       0x20 ../Embed_System_bsp/\libhal_bsp.a(altera_onchip_flash.o)
 .debug_aranges
                0x0000000000000308       0x20 ../Embed_System_bsp/\libhal_bsp.a(alt_busy_sleep.o)
 .debug_aranges
                0x0000000000000328       0x20 ../Embed_System_bsp/\libhal_bsp.a(alt_close.o)
 .debug_aranges
                0x0000000000000348       0x20 ../Embed_System_bsp/\libhal_bsp.a(alt_dcache_flush.o)
 .debug_aranges
                0x0000000000000368       0x20 ../Embed_System_bsp/\libhal_bsp.a(alt_dcache_flush_all.o)
 .debug_aranges
                0x0000000000000388       0x20 ../Embed_System_bsp/\libhal_bsp.a(alt_dev.o)
 .debug_aranges
                0x00000000000003a8       0x20 ../Embed_System_bsp/\libhal_bsp.a(alt_dev_llist_insert.o)
 .debug_aranges
                0x00000000000003c8       0x20 ../Embed_System_bsp/\libhal_bsp.a(alt_do_ctors.o)
 .debug_aranges
                0x00000000000003e8       0x20 ../Embed_System_bsp/\libhal_bsp.a(alt_do_dtors.o)
 .debug_aranges
                0x0000000000000408       0x18 ../Embed_System_bsp/\libhal_bsp.a(alt_errno.o)
 .debug_aranges
                0x0000000000000420       0x20 ../Embed_System_bsp/\libhal_bsp.a(alt_find_dev.o)
 .debug_aranges
                0x0000000000000440       0x20 ../Embed_System_bsp/\libhal_bsp.a(alt_flash_dev.o)
 .debug_aranges
                0x0000000000000460       0x20 ../Embed_System_bsp/\libhal_bsp.a(alt_icache_flush_all.o)
 .debug_aranges
                0x0000000000000480       0x20 ../Embed_System_bsp/\libhal_bsp.a(alt_iic.o)
 .debug_aranges